Archive member included to satisfy reference by file (symbol)

/usr/lib/gcc/arm-none-eabi/10.3.1/thumb/v6-m/nofp/libgcc.a(_dvmd_tls.o)
                              CMakeFiles/Base_Scope.dir/home/schuyler/pico/pico-sdk/src/rp2_common/pico_divider/divider.S.obj (__aeabi_idiv0)
/usr/lib/gcc/arm-none-eabi/10.3.1/../../../arm-none-eabi/lib/thumb/v6-m/nofp/libc.a(lib_a-atexit.o)
                              /usr/lib/gcc/arm-none-eabi/10.3.1/../../../arm-none-eabi/lib/thumb/v6-m/nofp/crt0.o (atexit)
/usr/lib/gcc/arm-none-eabi/10.3.1/../../../arm-none-eabi/lib/thumb/v6-m/nofp/libc.a(lib_a-calloc.o)
                              CMakeFiles/Base_Scope.dir/home/schuyler/pico/pico-sdk/src/rp2_common/pico_malloc/pico_malloc.c.obj (calloc)
/usr/lib/gcc/arm-none-eabi/10.3.1/../../../arm-none-eabi/lib/thumb/v6-m/nofp/libc.a(lib_a-callocr.o)
                              /usr/lib/gcc/arm-none-eabi/10.3.1/../../../arm-none-eabi/lib/thumb/v6-m/nofp/libc.a(lib_a-calloc.o) (_calloc_r)
/usr/lib/gcc/arm-none-eabi/10.3.1/../../../arm-none-eabi/lib/thumb/v6-m/nofp/libc.a(lib_a-fini.o)
                              /usr/lib/gcc/arm-none-eabi/10.3.1/../../../arm-none-eabi/lib/thumb/v6-m/nofp/crt0.o (__libc_fini_array)
/usr/lib/gcc/arm-none-eabi/10.3.1/../../../arm-none-eabi/lib/thumb/v6-m/nofp/libc.a(lib_a-impure.o)
                              /usr/lib/gcc/arm-none-eabi/10.3.1/../../../arm-none-eabi/lib/thumb/v6-m/nofp/libc.a(lib_a-calloc.o) (_impure_ptr)
/usr/lib/gcc/arm-none-eabi/10.3.1/../../../arm-none-eabi/lib/thumb/v6-m/nofp/libc.a(lib_a-init.o)
                              /usr/lib/gcc/arm-none-eabi/10.3.1/../../../arm-none-eabi/lib/thumb/v6-m/nofp/crt0.o (__libc_init_array)
/usr/lib/gcc/arm-none-eabi/10.3.1/../../../arm-none-eabi/lib/thumb/v6-m/nofp/libc.a(lib_a-malloc.o)
                              CMakeFiles/Base_Scope.dir/home/schuyler/pico/pico-sdk/src/rp2_common/pico_malloc/pico_malloc.c.obj (malloc)
/usr/lib/gcc/arm-none-eabi/10.3.1/../../../arm-none-eabi/lib/thumb/v6-m/nofp/libc.a(lib_a-mallocr.o)
                              /usr/lib/gcc/arm-none-eabi/10.3.1/../../../arm-none-eabi/lib/thumb/v6-m/nofp/libc.a(lib_a-callocr.o) (_malloc_r)
/usr/lib/gcc/arm-none-eabi/10.3.1/../../../arm-none-eabi/lib/thumb/v6-m/nofp/libc.a(lib_a-mlock.o)
                              /usr/lib/gcc/arm-none-eabi/10.3.1/../../../arm-none-eabi/lib/thumb/v6-m/nofp/libc.a(lib_a-mallocr.o) (__malloc_lock)
/usr/lib/gcc/arm-none-eabi/10.3.1/../../../arm-none-eabi/lib/thumb/v6-m/nofp/libc.a(lib_a-realloc.o)
                              CMakeFiles/Base_Scope.dir/home/schuyler/pico/pico-sdk/src/rp2_common/pico_malloc/pico_malloc.c.obj (realloc)
/usr/lib/gcc/arm-none-eabi/10.3.1/../../../arm-none-eabi/lib/thumb/v6-m/nofp/libc.a(lib_a-reallocr.o)
                              /usr/lib/gcc/arm-none-eabi/10.3.1/../../../arm-none-eabi/lib/thumb/v6-m/nofp/libc.a(lib_a-realloc.o) (_realloc_r)
/usr/lib/gcc/arm-none-eabi/10.3.1/../../../arm-none-eabi/lib/thumb/v6-m/nofp/libc.a(lib_a-sbrkr.o)
                              /usr/lib/gcc/arm-none-eabi/10.3.1/../../../arm-none-eabi/lib/thumb/v6-m/nofp/libc.a(lib_a-mallocr.o) (_sbrk_r)
/usr/lib/gcc/arm-none-eabi/10.3.1/../../../arm-none-eabi/lib/thumb/v6-m/nofp/libc.a(lib_a-strlen-stub.o)
                              CMakeFiles/Base_Scope.dir/home/schuyler/pico/pico-sdk/src/rp2_common/pico_stdio/stdio.c.obj (strlen)
/usr/lib/gcc/arm-none-eabi/10.3.1/../../../arm-none-eabi/lib/thumb/v6-m/nofp/libc.a(lib_a-__atexit.o)
                              /usr/lib/gcc/arm-none-eabi/10.3.1/../../../arm-none-eabi/lib/thumb/v6-m/nofp/libc.a(lib_a-atexit.o) (__register_exitproc)
/usr/lib/gcc/arm-none-eabi/10.3.1/../../../arm-none-eabi/lib/thumb/v6-m/nofp/libc.a(lib_a-freer.o)
                              /usr/lib/gcc/arm-none-eabi/10.3.1/../../../arm-none-eabi/lib/thumb/v6-m/nofp/libc.a(lib_a-malloc.o) (_free_r)
/usr/lib/gcc/arm-none-eabi/10.3.1/../../../arm-none-eabi/lib/thumb/v6-m/nofp/libc.a(lib_a-memmove.o)
                              /usr/lib/gcc/arm-none-eabi/10.3.1/../../../arm-none-eabi/lib/thumb/v6-m/nofp/libc.a(lib_a-reallocr.o) (memmove)
/usr/lib/gcc/arm-none-eabi/10.3.1/../../../arm-none-eabi/lib/thumb/v6-m/nofp/libc.a(lib_a-reent.o)
                              /usr/lib/gcc/arm-none-eabi/10.3.1/../../../arm-none-eabi/lib/thumb/v6-m/nofp/libc.a(lib_a-sbrkr.o) (errno)

Discarded input sections

 .text          0x0000000000000000        0x0 /usr/lib/gcc/arm-none-eabi/10.3.1/thumb/v6-m/nofp/crti.o
 .data          0x0000000000000000        0x0 /usr/lib/gcc/arm-none-eabi/10.3.1/thumb/v6-m/nofp/crti.o
 .bss           0x0000000000000000        0x0 /usr/lib/gcc/arm-none-eabi/10.3.1/thumb/v6-m/nofp/crti.o
 .data          0x0000000000000000        0x4 /usr/lib/gcc/arm-none-eabi/10.3.1/thumb/v6-m/nofp/crtbegin.o
 .rodata        0x0000000000000000       0x24 /usr/lib/gcc/arm-none-eabi/10.3.1/thumb/v6-m/nofp/crtbegin.o
[...]
Memory Configuration

Name             Origin             Length             Attributes
FLASH            0x0000000010000000 0x0000000000200000 xr
RAM              0x0000000020000000 0x0000000000040000 xrw
SCRATCH_X        0x0000000020040000 0x0000000000001000 xrw
SCRATCH_Y        0x0000000020041000 0x0000000000001000 xrw
*default*        0x0000000000000000 0xffffffffffffffff

Linker script and memory map

LOAD /usr/lib/gcc/arm-none-eabi/10.3.1/thumb/v6-m/nofp/crti.o
LOAD /usr/lib/gcc/arm-none-eabi/10.3.1/thumb/v6-m/nofp/crtbegin.o
LOAD /usr/lib/gcc/arm-none-eabi/10.3.1/../../../arm-none-eabi/lib/thumb/v6-m/nofp/crt0.o

.flash_begin    0x0000000010000000        0x0
                0x0000000010000000                __flash_binary_start = .

.boot2          0x0000000010000000      0x100
                0x0000000010000000                __boot2_start__ = .
 *(.boot2)
 .boot2         0x0000000010000000      0x100 /tmp/cctfc38V.o
                0x0000000010000100                __boot2_end__ = .
                0x0000000000000001                ASSERT (((__boot2_end__ - __boot2_start__) == 0x100), ERROR: Pico second stage bootloader must be 256 bytes in size)

.text           0x0000000010000100     0x5060
                0x0000000010000100                __logical_binary_start = .
 *(.vectors)
 .vectors       0x0000000010000100       0xd4 CMakeFiles/Base_Scope.dir/home/schuyler/pico/pico-sdk/src/rp2_common/pico_standard_link/crt0.S.obj
                0x0000000010000100                __vectors
                0x0000000010000100                __VECTOR_TABLE
                0x00000000100001c0                isr_invalid
                0x00000000100001c0                __default_isrs_start
                0x00000000100001c2                isr_nmi
                0x00000000100001c4                isr_hardfault
                0x00000000100001c6                isr_svcall
                0x00000000100001c8                isr_pendsv
                0x00000000100001ca                isr_systick
                0x00000000100001cc                isr_irq30
                0x00000000100001cc                __unhandled_user_irq
                0x00000000100001cc                isr_irq13
                0x00000000100001cc                isr_irq27
                0x00000000100001cc                isr_irq31
                0x00000000100001cc                isr_irq5
                0x00000000100001cc                isr_irq11
                0x00000000100001cc                isr_irq23
                0x00000000100001cc                isr_irq18
                0x00000000100001cc                isr_irq28
                0x00000000100001cc                isr_irq19
                0x00000000100001cc                isr_irq0
                0x00000000100001cc                isr_irq6
                0x00000000100001cc                isr_irq22
                0x00000000100001cc                isr_irq17
                0x00000000100001cc                isr_irq14
                0x00000000100001cc                isr_irq2
                0x00000000100001cc                isr_irq10
                0x00000000100001cc                isr_irq8
                0x00000000100001cc                isr_irq24
                0x00000000100001cc                isr_irq1
                0x00000000100001cc                isr_irq7
                0x00000000100001cc                isr_irq21
                0x00000000100001cc                isr_irq20
                0x00000000100001cc                isr_irq15
                0x00000000100001cc                isr_irq25
                0x00000000100001cc                isr_irq4
                0x00000000100001cc                isr_irq16
                0x00000000100001cc                isr_irq29
                0x00000000100001cc                isr_irq26
                0x00000000100001cc                __default_isrs_end
                0x00000000100001cc                isr_irq3
                0x00000000100001cc                isr_irq12
                0x00000000100001cc                isr_irq9
                0x00000000100001d2                unhandled_user_irq_num_in_r0
 *(.binary_info_header)
 .binary_info_header
                0x00000000100001d4       0x14 CMakeFiles/Base_Scope.dir/home/schuyler/pico/pico-sdk/src/rp2_common/pico_standard_link/crt0.S.obj
                0x00000000100001e8                __binary_info_header_end = .
 *(.reset)
 .reset         0x00000000100001e8       0xa0 CMakeFiles/Base_Scope.dir/home/schuyler/pico/pico-sdk/src/rp2_common/pico_standard_link/crt0.S.obj
                0x00000000100001e8                _entry_point
 .reset         0x0000000010000288       0x30 CMakeFiles/Base_Scope.dir/home/schuyler/pico/pico-sdk/src/rp2_common/pico_standard_link/binary_info.c.obj
 *(.init)
 .init          0x00000000100002b8        0x4 /usr/lib/gcc/arm-none-eabi/10.3.1/thumb/v6-m/nofp/crti.o
                0x00000000100002b8                _init
 *(EXCLUDE_FILE(*libm.a: *libc.a:*lib_a-mem*.o *libgcc.a:) .text*)
 .text          0x00000000100002bc       0x98 /usr/lib/gcc/arm-none-eabi/10.3.1/thumb/v6-m/nofp/crtbegin.o
 .text.sampler_init
                0x0000000010000354       0x70 CMakeFiles/Base_Scope.dir/main.c.obj
                0x0000000010000354                sampler_init
 .text.arm_sampler
                0x00000000100003c4       0xb8 CMakeFiles/Base_Scope.dir/main.c.obj
                0x00000000100003c4                arm_sampler
 .text.startup.main
                0x000000001000047c       0xa4 CMakeFiles/Base_Scope.dir/main.c.obj
                0x000000001000047c                main
 .text.gpio_set_function
                0x0000000010000520       0x30 CMakeFiles/Base_Scope.dir/home/schuyler/pico/pico-sdk/src/rp2_common/hardware_gpio/gpio.c.obj
                0x0000000010000520                gpio_set_function
 .text.running_on_fpga
                0x0000000010000550       0x10 CMakeFiles/Base_Scope.dir/home/schuyler/pico/pico-sdk/src/rp2_common/pico_platform/platform.c.obj
                0x0000000010000550                running_on_fpga
 .text.hw_claim_lock
                0x0000000010000560       0x18 CMakeFiles/Base_Scope.dir/home/schuyler/pico/pico-sdk/src/rp2_common/hardware_claim/claim.c.obj
                0x0000000010000560                hw_claim_lock
 .text.hw_claim_unlock
                0x0000000010000578       0x14 CMakeFiles/Base_Scope.dir/home/schuyler/pico/pico-sdk/src/rp2_common/hardware_claim/claim.c.obj
                0x0000000010000578                hw_claim_unlock
 .text.hw_claim_or_assert
                0x000000001000058c       0x44 CMakeFiles/Base_Scope.dir/home/schuyler/pico/pico-sdk/src/rp2_common/hardware_claim/claim.c.obj
                0x000000001000058c                hw_claim_or_assert
 .text.hw_claim_unused_from_range
                0x00000000100005d0       0x9c CMakeFiles/Base_Scope.dir/home/schuyler/pico/pico-sdk/src/rp2_common/hardware_claim/claim.c.obj
                0x00000000100005d0                hw_claim_unused_from_range
 .text.spin_locks_reset
                0x000000001000066c       0x1c CMakeFiles/Base_Scope.dir/home/schuyler/pico/pico-sdk/src/rp2_common/hardware_sync/sync.c.obj
                0x000000001000066c                spin_locks_reset
 .text.next_striped_spin_lock_num
                0x0000000010000688       0x18 CMakeFiles/Base_Scope.dir/home/schuyler/pico/pico-sdk/src/rp2_common/hardware_sync/sync.c.obj
                0x0000000010000688                next_striped_spin_lock_num
 .text.spin_lock_claim_unused
                0x00000000100006a0       0x20 CMakeFiles/Base_Scope.dir/home/schuyler/pico/pico-sdk/src/rp2_common/hardware_sync/sync.c.obj
                0x00000000100006a0                spin_lock_claim_unused
 .text.irq_set_enabled
                0x00000000100006c0       0x24 CMakeFiles/Base_Scope.dir/home/schuyler/pico/pico-sdk/src/rp2_common/hardware_irq/irq.c.obj
                0x00000000100006c0                irq_set_enabled
 .text.irq_set_pending
                0x00000000100006e4       0x10 CMakeFiles/Base_Scope.dir/home/schuyler/pico/pico-sdk/src/rp2_common/hardware_irq/irq.c.obj
                0x00000000100006e4                irq_set_pending
 .text.irq_has_shared_handler
                0x00000000100006f4       0x2c CMakeFiles/Base_Scope.dir/home/schuyler/pico/pico-sdk/src/rp2_common/hardware_irq/irq.c.obj
                0x00000000100006f4                irq_has_shared_handler
 .text.irq_get_vtable_handler
                0x0000000010000720       0x10 CMakeFiles/Base_Scope.dir/home/schuyler/pico/pico-sdk/src/rp2_common/hardware_irq/irq.c.obj
                0x0000000010000720                irq_get_vtable_handler
 .text.irq_set_exclusive_handler
                0x0000000010000730       0x54 CMakeFiles/Base_Scope.dir/home/schuyler/pico/pico-sdk/src/rp2_common/hardware_irq/irq.c.obj
                0x0000000010000730                irq_set_exclusive_handler
 .text.irq_add_shared_handler
                0x0000000010000784      0x1e8 CMakeFiles/Base_Scope.dir/home/schuyler/pico/pico-sdk/src/rp2_common/hardware_irq/irq.c.obj
                0x0000000010000784                irq_add_shared_handler
 .text.irq_remove_handler
                0x000000001000096c      0x1b0 CMakeFiles/Base_Scope.dir/home/schuyler/pico/pico-sdk/src/rp2_common/hardware_irq/irq.c.obj
                0x000000001000096c                irq_remove_handler
 .text.irq_add_tail_to_free_list
                0x0000000010000b1c       0xb4 CMakeFiles/Base_Scope.dir/home/schuyler/pico/pico-sdk/src/rp2_common/hardware_irq/irq.c.obj
                0x0000000010000b1c                irq_add_tail_to_free_list
 .text.irq_init_priorities
                0x0000000010000bd0       0x24 CMakeFiles/Base_Scope.dir/home/schuyler/pico/pico-sdk/src/rp2_common/hardware_irq/irq.c.obj
                0x0000000010000bd0                irq_init_priorities
 .text.user_irq_claim_unused
                0x0000000010000bf4       0x28 CMakeFiles/Base_Scope.dir/home/schuyler/pico/pico-sdk/src/rp2_common/hardware_irq/irq.c.obj
                0x0000000010000bf4                user_irq_claim_unused
 .text.lock_init
                0x0000000010000c1c       0x10 CMakeFiles/Base_Scope.dir/home/schuyler/pico/pico-sdk/src/common/pico_sync/lock_core.c.obj
                0x0000000010000c1c                lock_init
 .text.mutex_init
                0x0000000010000c2c       0x1c CMakeFiles/Base_Scope.dir/home/schuyler/pico/pico-sdk/src/common/pico_sync/mutex.c.obj
                0x0000000010000c2c                mutex_init
 .text.recursive_mutex_init
                0x0000000010000c48       0x1c CMakeFiles/Base_Scope.dir/home/schuyler/pico/pico-sdk/src/common/pico_sync/mutex.c.obj
                0x0000000010000c48                recursive_mutex_init
 .text.critical_section_init
                0x0000000010000c64       0x20 CMakeFiles/Base_Scope.dir/home/schuyler/pico/pico-sdk/src/common/pico_sync/critical_section.c.obj
                0x0000000010000c64                critical_section_init
 .text.critical_section_init_with_lock_num
                0x0000000010000c84       0x14 CMakeFiles/Base_Scope.dir/home/schuyler/pico/pico-sdk/src/common/pico_sync/critical_section.c.obj
                0x0000000010000c84                critical_section_init_with_lock_num
 .text.timer_pool_entry_comparator
                0x0000000010000c98       0x34 CMakeFiles/Base_Scope.dir/home/schuyler/pico/pico-sdk/src/common/pico_time/time.c.obj
                0x0000000010000c98                timer_pool_entry_comparator
 .text.sleep_until_callback
                0x0000000010000ccc       0x30 CMakeFiles/Base_Scope.dir/home/schuyler/pico/pico-sdk/src/common/pico_time/time.c.obj
 .text.add_alarm_under_lock.isra.0
                0x0000000010000cfc      0x100 CMakeFiles/Base_Scope.dir/home/schuyler/pico/pico-sdk/src/common/pico_time/time.c.obj
 .text.alarm_pool_alarm_callback
                0x0000000010000dfc      0x1bc CMakeFiles/Base_Scope.dir/home/schuyler/pico/pico-sdk/src/common/pico_time/time.c.obj
 .text.alarm_pool_init_default
                0x0000000010000fb8       0x6c CMakeFiles/Base_Scope.dir/home/schuyler/pico/pico-sdk/src/common/pico_time/time.c.obj
                0x0000000010000fb8                alarm_pool_init_default
 .text.alarm_pool_get_default
                0x0000000010001024        0x8 CMakeFiles/Base_Scope.dir/home/schuyler/pico/pico-sdk/src/common/pico_time/time.c.obj
                0x0000000010001024                alarm_pool_get_default
 .text.alarm_pool_add_alarm_at
                0x000000001000102c      0x178 CMakeFiles/Base_Scope.dir/home/schuyler/pico/pico-sdk/src/common/pico_time/time.c.obj
                0x000000001000102c                alarm_pool_add_alarm_at
 .text.alarm_pool_core_num
                0x00000000100011a4        0x4 CMakeFiles/Base_Scope.dir/home/schuyler/pico/pico-sdk/src/common/pico_time/time.c.obj
                0x00000000100011a4                alarm_pool_core_num
 .text.best_effort_wfe_or_timeout
                0x00000000100011a8       0xd4 CMakeFiles/Base_Scope.dir/home/schuyler/pico/pico-sdk/src/common/pico_time/time.c.obj
                0x00000000100011a8                best_effort_wfe_or_timeout
 .text.hardware_alarm_irq_handler
                0x000000001000127c       0xbc CMakeFiles/Base_Scope.dir/home/schuyler/pico/pico-sdk/src/rp2_common/hardware_timer/timer.c.obj
 .text.hardware_alarm_claim
                0x0000000010001338       0x18 CMakeFiles/Base_Scope.dir/home/schuyler/pico/pico-sdk/src/rp2_common/hardware_timer/timer.c.obj
                0x0000000010001338                hardware_alarm_claim
 .text.time_us_64
                0x0000000010001350       0x14 CMakeFiles/Base_Scope.dir/home/schuyler/pico/pico-sdk/src/rp2_common/hardware_timer/timer.c.obj
                0x0000000010001350                time_us_64
 .text.hardware_alarm_set_callback
                0x0000000010001364       0x8c CMakeFiles/Base_Scope.dir/home/schuyler/pico/pico-sdk/src/rp2_common/hardware_timer/timer.c.obj
                0x0000000010001364                hardware_alarm_set_callback
 .text.hardware_alarm_set_target
                0x00000000100013f0       0xd4 CMakeFiles/Base_Scope.dir/home/schuyler/pico/pico-sdk/src/rp2_common/hardware_timer/timer.c.obj
                0x00000000100013f0                hardware_alarm_set_target
 .text.hardware_alarm_cancel
                0x00000000100014c4       0x3c CMakeFiles/Base_Scope.dir/home/schuyler/pico/pico-sdk/src/rp2_common/hardware_timer/timer.c.obj
                0x00000000100014c4                hardware_alarm_cancel
 .text.ph_merge_nodes
                0x0000000010001500       0x68 CMakeFiles/Base_Scope.dir/home/schuyler/pico/pico-sdk/src/common/pico_util/pheap.c.obj
 .text.ph_post_alloc_init
                0x0000000010001568       0x3c CMakeFiles/Base_Scope.dir/home/schuyler/pico/pico-sdk/src/common/pico_util/pheap.c.obj
                0x0000000010001568                ph_post_alloc_init
 .text.ph_merge_two_pass
                0x00000000100015a4       0x90 CMakeFiles/Base_Scope.dir/home/schuyler/pico/pico-sdk/src/common/pico_util/pheap.c.obj
                0x00000000100015a4                ph_merge_two_pass
 .text.ph_remove_any_head
                0x0000000010001634      0x100 CMakeFiles/Base_Scope.dir/home/schuyler/pico/pico-sdk/src/common/pico_util/pheap.c.obj
 .text.ph_remove_head
                0x0000000010001734      0x104 CMakeFiles/Base_Scope.dir/home/schuyler/pico/pico-sdk/src/common/pico_util/pheap.c.obj
                0x0000000010001734                ph_remove_head
 .text.ph_remove_and_free_node
                0x0000000010001838       0x7c CMakeFiles/Base_Scope.dir/home/schuyler/pico/pico-sdk/src/common/pico_util/pheap.c.obj
                0x0000000010001838                ph_remove_and_free_node
 .text.clocks_init
                0x00000000100018b4      0x2d0 CMakeFiles/Base_Scope.dir/home/schuyler/pico/pico-sdk/src/rp2_common/hardware_clocks/clocks.c.obj
                0x00000000100018b4                clocks_init
 .text.pll_init
                0x0000000010001b84       0xa0 CMakeFiles/Base_Scope.dir/home/schuyler/pico/pico-sdk/src/rp2_common/hardware_pll/pll.c.obj
                0x0000000010001b84                pll_init
 .text.watchdog_start_tick
                0x0000000010001c24       0x10 CMakeFiles/Base_Scope.dir/home/schuyler/pico/pico-sdk/src/rp2_common/hardware_watchdog/watchdog.c.obj
                0x0000000010001c24                watchdog_start_tick
 .text.watchdog_reboot
                0x0000000010001c34       0x98 CMakeFiles/Base_Scope.dir/home/schuyler/pico/pico-sdk/src/rp2_common/hardware_watchdog/watchdog.c.obj
                0x0000000010001c34                watchdog_reboot
 .text.xosc_init
                0x0000000010001ccc       0x28 CMakeFiles/Base_Scope.dir/home/schuyler/pico/pico-sdk/src/rp2_common/hardware_xosc/xosc.c.obj
                0x0000000010001ccc                xosc_init
 .text.runtime_init
                0x0000000010001cf4       0xf0 CMakeFiles/Base_Scope.dir/home/schuyler/pico/pico-sdk/src/rp2_common/pico_runtime/runtime.c.obj
                0x0000000010001cf4                runtime_init
 .text._exit    0x0000000010001de4        0x4 CMakeFiles/Base_Scope.dir/home/schuyler/pico/pico-sdk/src/rp2_common/pico_runtime/runtime.c.obj
                0x0000000010001de4                _exit
 .text._sbrk    0x0000000010001de8       0x34 CMakeFiles/Base_Scope.dir/home/schuyler/pico/pico-sdk/src/rp2_common/pico_runtime/runtime.c.obj
                0x0000000010001de8                _sbrk
 .text.exit     0x0000000010001e1c        0x8 CMakeFiles/Base_Scope.dir/home/schuyler/pico/pico-sdk/src/rp2_common/pico_runtime/runtime.c.obj
                0x0000000010001e1c                exit
 .text.panic    0x0000000010001e24       0x30 CMakeFiles/Base_Scope.dir/home/schuyler/pico/pico-sdk/src/rp2_common/pico_runtime/runtime.c.obj
                0x0000000010001e24                panic
 .text.hard_assertion_failure
                0x0000000010001e54        0xc CMakeFiles/Base_Scope.dir/home/schuyler/pico/pico-sdk/src/rp2_common/pico_runtime/runtime.c.obj
                0x0000000010001e54                hard_assertion_failure
 .text._out_char
                0x0000000010001e60       0x10 CMakeFiles/Base_Scope.dir/home/schuyler/pico/pico-sdk/src/rp2_common/pico_printf/printf.c.obj
 .text.weak_raw_vprintf
                0x0000000010001e70       0x30 CMakeFiles/Base_Scope.dir/home/schuyler/pico/pico-sdk/src/rp2_common/pico_printf/printf.c.obj
                0x0000000010001e70                weak_raw_vprintf
 .text          0x0000000010001ea0       0x10 CMakeFiles/Base_Scope.dir/home/schuyler/pico/pico-sdk/src/rp2_common/pico_bit_ops/bit_ops_aeabi.S.obj
 .text.rom_func_lookup
                0x0000000010001eb0       0x10 CMakeFiles/Base_Scope.dir/home/schuyler/pico/pico-sdk/src/rp2_common/pico_bootrom/bootrom.c.obj
                0x0000000010001eb0                rom_func_lookup
 .text.rom_data_lookup
                0x0000000010001ec0       0x10 CMakeFiles/Base_Scope.dir/home/schuyler/pico/pico-sdk/src/rp2_common/pico_bootrom/bootrom.c.obj
                0x0000000010001ec0                rom_data_lookup
 .text.rom_funcs_lookup
                0x0000000010001ed0       0x44 CMakeFiles/Base_Scope.dir/home/schuyler/pico/pico-sdk/src/rp2_common/pico_bootrom/bootrom.c.obj
                0x0000000010001ed0                rom_funcs_lookup
 .text.__wrap___aeabi_uidiv
                0x0000000010001f14       0x4c CMakeFiles/Base_Scope.dir/home/schuyler/pico/pico-sdk/src/rp2_common/pico_divider/divider.S.obj
                0x0000000010001f14                __wrap___aeabi_uidiv
                0x0000000010001f14                __wrap___aeabi_uidivmod
                0x0000000010001f14                div_u32u32
                0x0000000010001f14                divmod_u32u32
                0x0000000010001f1c                divmod_u32u32_unsafe
                0x0000000010001f44                divmod_u32u32_savestate
 .text.__aeabi_double_init
                0x0000000010001f60       0x94 CMakeFiles/Base_Scope.dir/home/schuyler/pico/pico-sdk/src/rp2_common/pico_double/double_init_rom.c.obj
                0x0000000010001f60                __aeabi_double_init
 .text.double_table_shim_on_use_helper
                0x0000000010001ff4       0x2c CMakeFiles/Base_Scope.dir/home/schuyler/pico/pico-sdk/src/rp2_common/pico_double/double_v1_rom_shim.S.obj
                0x0000000010001ff4                double_table_shim_on_use_helper
 .text.__aeabi_lmul
                0x0000000010002020       0x32 CMakeFiles/Base_Scope.dir/home/schuyler/pico/pico-sdk/src/rp2_common/pico_int64_ops/pico_int64_ops_aeabi.S.obj
                0x0000000010002020                __wrap___aeabi_lmul
 *fill*         0x0000000010002052        0x2 
 .text.__aeabi_float_init
                0x0000000010002054       0x64 CMakeFiles/Base_Scope.dir/home/schuyler/pico/pico-sdk/src/rp2_common/pico_float/float_init_rom.c.obj
                0x0000000010002054                __aeabi_float_init
 .text.float_table_shim_on_use_helper
                0x00000000100020b8       0x2c CMakeFiles/Base_Scope.dir/home/schuyler/pico/pico-sdk/src/rp2_common/pico_float/float_v1_rom_shim.S.obj
                0x00000000100020b8                float_table_shim_on_use_helper
 .text.__wrap_malloc
                0x00000000100020e4       0x24 CMakeFiles/Base_Scope.dir/home/schuyler/pico/pico-sdk/src/rp2_common/pico_malloc/pico_malloc.c.obj
                0x00000000100020e4                __wrap_malloc
 .text          0x0000000010002108       0x10 CMakeFiles/Base_Scope.dir/home/schuyler/pico/pico-sdk/src/rp2_common/pico_mem_ops/mem_ops_aeabi.S.obj
                0x0000000010002108                __aeabi_mem_init
 .text.memset   0x0000000010002118        0xc CMakeFiles/Base_Scope.dir/home/schuyler/pico/pico-sdk/src/rp2_common/pico_mem_ops/mem_ops_aeabi.S.obj
                0x0000000010002118                __wrap_memset
 .text.memcpy   0x0000000010002124        0xc CMakeFiles/Base_Scope.dir/home/schuyler/pico/pico-sdk/src/rp2_common/pico_mem_ops/mem_ops_aeabi.S.obj
                0x0000000010002124                __wrap___aeabi_memcpy
                0x0000000010002124                __wrap_memcpy
 .text.stdio_out_chars_no_crlf
                0x0000000010002130       0x10 CMakeFiles/Base_Scope.dir/home/schuyler/pico/pico-sdk/src/rp2_common/pico_stdio/stdio.c.obj
 .text.stdio_out_chars_crlf
                0x0000000010002140       0xb4 CMakeFiles/Base_Scope.dir/home/schuyler/pico/pico-sdk/src/rp2_common/pico_stdio/stdio.c.obj
 .text.stdio_put_string.isra.0
                0x00000000100021f4       0xfc CMakeFiles/Base_Scope.dir/home/schuyler/pico/pico-sdk/src/rp2_common/pico_stdio/stdio.c.obj
 .text.__wrap_putchar
                0x00000000100022f0       0x98 CMakeFiles/Base_Scope.dir/home/schuyler/pico/pico-sdk/src/rp2_common/pico_stdio/stdio.c.obj
                0x00000000100022f0                __wrap_putchar
 .text.__wrap_puts
                0x0000000010002388       0x3c CMakeFiles/Base_Scope.dir/home/schuyler/pico/pico-sdk/src/rp2_common/pico_stdio/stdio.c.obj
                0x0000000010002388                __wrap_puts
 .text.stdio_set_driver_enabled
                0x00000000100023c4       0x30 CMakeFiles/Base_Scope.dir/home/schuyler/pico/pico-sdk/src/rp2_common/pico_stdio/stdio.c.obj
                0x00000000100023c4                stdio_set_driver_enabled
 .text.stdio_init_all
                0x00000000100023f4        0x8 CMakeFiles/Base_Scope.dir/home/schuyler/pico/pico-sdk/src/rp2_common/pico_stdio/stdio.c.obj
                0x00000000100023f4                stdio_init_all
 .text.resetd_init
                0x00000000100023fc        0x4 CMakeFiles/Base_Scope.dir/home/schuyler/pico/pico-sdk/src/rp2_common/pico_stdio_usb/reset_interface.c.obj
 .text.resetd_reset
                0x0000000010002400        0xc CMakeFiles/Base_Scope.dir/home/schuyler/pico/pico-sdk/src/rp2_common/pico_stdio_usb/reset_interface.c.obj
 .text.resetd_open
                0x000000001000240c       0x28 CMakeFiles/Base_Scope.dir/home/schuyler/pico/pico-sdk/src/rp2_common/pico_stdio_usb/reset_interface.c.obj
 .text.resetd_xfer_cb
                0x0000000010002434        0x4 CMakeFiles/Base_Scope.dir/home/schuyler/pico/pico-sdk/src/rp2_common/pico_stdio_usb/reset_interface.c.obj
 .text.resetd_control_xfer_cb
                0x0000000010002438       0x64 CMakeFiles/Base_Scope.dir/home/schuyler/pico/pico-sdk/src/rp2_common/pico_stdio_usb/reset_interface.c.obj
 .text.usbd_app_driver_get_cb
                0x000000001000249c        0xc CMakeFiles/Base_Scope.dir/home/schuyler/pico/pico-sdk/src/rp2_common/pico_stdio_usb/reset_interface.c.obj
                0x000000001000249c                usbd_app_driver_get_cb
 .text.tud_cdc_line_coding_cb
                0x00000000100024a8       0x34 CMakeFiles/Base_Scope.dir/home/schuyler/pico/pico-sdk/src/rp2_common/pico_stdio_usb/reset_interface.c.obj
                0x00000000100024a8                tud_cdc_line_coding_cb
 .text.stdio_usb_set_chars_available_callback
                0x00000000100024dc       0x14 CMakeFiles/Base_Scope.dir/home/schuyler/pico/pico-sdk/src/rp2_common/pico_stdio_usb/stdio_usb.c.obj
                0x00000000100024dc                stdio_usb_set_chars_available_callback
 .text.usb_irq  0x00000000100024f0       0x10 CMakeFiles/Base_Scope.dir/home/schuyler/pico/pico-sdk/src/rp2_common/pico_stdio_usb/stdio_usb.c.obj
 .text.timer_task
                0x0000000010002500       0x54 CMakeFiles/Base_Scope.dir/home/schuyler/pico/pico-sdk/src/rp2_common/pico_stdio_usb/stdio_usb.c.obj
 .text.stdio_usb_in_chars
                0x0000000010002554       0x90 CMakeFiles/Base_Scope.dir/home/schuyler/pico/pico-sdk/src/rp2_common/pico_stdio_usb/stdio_usb.c.obj
                0x0000000010002554                stdio_usb_in_chars
 .text.stdio_usb_out_chars
                0x00000000100025e4      0x100 CMakeFiles/Base_Scope.dir/home/schuyler/pico/pico-sdk/src/rp2_common/pico_stdio_usb/stdio_usb.c.obj
 .text.low_priority_worker_irq
                0x00000000100026e4       0xa8 CMakeFiles/Base_Scope.dir/home/schuyler/pico/pico-sdk/src/rp2_common/pico_stdio_usb/stdio_usb.c.obj
 .text.tud_cdc_rx_cb
                0x000000001000278c       0x20 CMakeFiles/Base_Scope.dir/home/schuyler/pico/pico-sdk/src/rp2_common/pico_stdio_usb/stdio_usb.c.obj
                0x000000001000278c                tud_cdc_rx_cb
 .text.stdio_usb_init
                0x00000000100027ac       0xdc CMakeFiles/Base_Scope.dir/home/schuyler/pico/pico-sdk/src/rp2_common/pico_stdio_usb/stdio_usb.c.obj
                0x00000000100027ac                stdio_usb_init
 .text.tud_descriptor_device_cb
                0x0000000010002888        0x8 CMakeFiles/Base_Scope.dir/home/schuyler/pico/pico-sdk/src/rp2_common/pico_stdio_usb/stdio_usb_descriptors.c.obj
                0x0000000010002888                tud_descriptor_device_cb
 .text.tud_descriptor_configuration_cb
                0x0000000010002890        0x8 CMakeFiles/Base_Scope.dir/home/schuyler/pico/pico-sdk/src/rp2_common/pico_stdio_usb/stdio_usb_descriptors.c.obj
                0x0000000010002890                tud_descriptor_configuration_cb
 .text.tud_descriptor_string_cb
                0x0000000010002898       0x74 CMakeFiles/Base_Scope.dir/home/schuyler/pico/pico-sdk/src/rp2_common/pico_stdio_usb/stdio_usb_descriptors.c.obj
                0x0000000010002898                tud_descriptor_string_cb
 .text.startup._retrieve_unique_id_on_boot
                0x000000001000290c       0x10 CMakeFiles/Base_Scope.dir/home/schuyler/pico/pico-sdk/src/rp2_common/pico_unique_id/unique_id.c.obj
 .text.pico_get_unique_board_id_string
                0x000000001000291c      0x1a8 CMakeFiles/Base_Scope.dir/home/schuyler/pico/pico-sdk/src/rp2_common/pico_unique_id/unique_id.c.obj
                0x000000001000291c                pico_get_unique_board_id_string
 .text.flash_get_unique_id
                0x0000000010002ac4       0x40 CMakeFiles/Base_Scope.dir/home/schuyler/pico/pico-sdk/src/rp2_common/hardware_flash/flash.c.obj
                0x0000000010002ac4                flash_get_unique_id
 .text.dcd_int_enable
                0x0000000010002b04        0xc CMakeFiles/Base_Scope.dir/home/schuyler/pico/pico-sdk/lib/tinyusb/src/portable/raspberrypi/rp2040/dcd_rp2040.c.obj
                0x0000000010002b04                dcd_int_enable
 .text.dcd_set_address
                0x0000000010002b10       0x14 CMakeFiles/Base_Scope.dir/home/schuyler/pico/pico-sdk/lib/tinyusb/src/portable/raspberrypi/rp2040/dcd_rp2040.c.obj
                0x0000000010002b10                dcd_set_address
 .text.dcd_connect
                0x0000000010002b24       0x10 CMakeFiles/Base_Scope.dir/home/schuyler/pico/pico-sdk/lib/tinyusb/src/portable/raspberrypi/rp2040/dcd_rp2040.c.obj
                0x0000000010002b24                dcd_connect
 .text.dcd_init
                0x0000000010002b34       0x98 CMakeFiles/Base_Scope.dir/home/schuyler/pico/pico-sdk/lib/tinyusb/src/portable/raspberrypi/rp2040/dcd_rp2040.c.obj
                0x0000000010002b34                dcd_init
 .text.dcd_edpt0_status_complete
                0x0000000010002bcc       0x1c CMakeFiles/Base_Scope.dir/home/schuyler/pico/pico-sdk/lib/tinyusb/src/portable/raspberrypi/rp2040/dcd_rp2040.c.obj
                0x0000000010002bcc                dcd_edpt0_status_complete
 .text.dcd_edpt_open
                0x0000000010002be8      0x108 CMakeFiles/Base_Scope.dir/home/schuyler/pico/pico-sdk/lib/tinyusb/src/portable/raspberrypi/rp2040/dcd_rp2040.c.obj
                0x0000000010002be8                dcd_edpt_open
 .text.dcd_edpt_close_all
                0x0000000010002cf0        0x8 CMakeFiles/Base_Scope.dir/home/schuyler/pico/pico-sdk/lib/tinyusb/src/portable/raspberrypi/rp2040/dcd_rp2040.c.obj
                0x0000000010002cf0                dcd_edpt_close_all
 .text.dcd_edpt_xfer
                0x0000000010002cf8       0x24 CMakeFiles/Base_Scope.dir/home/schuyler/pico/pico-sdk/lib/tinyusb/src/portable/raspberrypi/rp2040/dcd_rp2040.c.obj
                0x0000000010002cf8                dcd_edpt_xfer
 .text.dcd_edpt_stall
                0x0000000010002d1c       0x38 CMakeFiles/Base_Scope.dir/home/schuyler/pico/pico-sdk/lib/tinyusb/src/portable/raspberrypi/rp2040/dcd_rp2040.c.obj
                0x0000000010002d1c                dcd_edpt_stall
 .text.dcd_edpt_clear_stall
                0x0000000010002d54       0x30 CMakeFiles/Base_Scope.dir/home/schuyler/pico/pico-sdk/lib/tinyusb/src/portable/raspberrypi/rp2040/dcd_rp2040.c.obj
                0x0000000010002d54                dcd_edpt_clear_stall
 .text.rp2040_usb_init
                0x0000000010002d84       0x4c CMakeFiles/Base_Scope.dir/home/schuyler/pico/pico-sdk/lib/tinyusb/src/portable/raspberrypi/rp2040/rp2040_usb.c.obj
                0x0000000010002d84                rp2040_usb_init
 .text.hw_endpoint_xfer_start
                0x0000000010002dd0       0x50 CMakeFiles/Base_Scope.dir/home/schuyler/pico/pico-sdk/lib/tinyusb/src/portable/raspberrypi/rp2040/rp2040_usb.c.obj
                0x0000000010002dd0                hw_endpoint_xfer_start
 .text.tud_mounted
                0x0000000010002e20       0x10 CMakeFiles/Base_Scope.dir/home/schuyler/pico/pico-sdk/lib/tinyusb/src/device/usbd.c.obj
                0x0000000010002e20                tud_mounted
 .text.tud_suspended
                0x0000000010002e30       0x10 CMakeFiles/Base_Scope.dir/home/schuyler/pico/pico-sdk/lib/tinyusb/src/device/usbd.c.obj
                0x0000000010002e30                tud_suspended
 .text.tud_inited
                0x0000000010002e40       0x14 CMakeFiles/Base_Scope.dir/home/schuyler/pico/pico-sdk/lib/tinyusb/src/device/usbd.c.obj
                0x0000000010002e40                tud_inited
 .text.tud_init
                0x0000000010002e54       0xe4 CMakeFiles/Base_Scope.dir/home/schuyler/pico/pico-sdk/lib/tinyusb/src/device/usbd.c.obj
                0x0000000010002e54                tud_init
 .text.tud_task_ext
                0x0000000010002f38      0x854 CMakeFiles/Base_Scope.dir/home/schuyler/pico/pico-sdk/lib/tinyusb/src/device/usbd.c.obj
                0x0000000010002f38                tud_task_ext
 .text.usbd_open_edpt_pair
                0x000000001000378c       0x9c CMakeFiles/Base_Scope.dir/home/schuyler/pico/pico-sdk/lib/tinyusb/src/device/usbd.c.obj
                0x000000001000378c                usbd_open_edpt_pair
 .text.usbd_defer_func
                0x0000000010003828       0x48 CMakeFiles/Base_Scope.dir/home/schuyler/pico/pico-sdk/lib/tinyusb/src/device/usbd.c.obj
                0x0000000010003828                usbd_defer_func
 .text.usbd_edpt_open
                0x0000000010003870       0x34 CMakeFiles/Base_Scope.dir/home/schuyler/pico/pico-sdk/lib/tinyusb/src/device/usbd.c.obj
                0x0000000010003870                usbd_edpt_open
 .text.usbd_edpt_claim
                0x00000000100038a4       0x28 CMakeFiles/Base_Scope.dir/home/schuyler/pico/pico-sdk/lib/tinyusb/src/device/usbd.c.obj
                0x00000000100038a4                usbd_edpt_claim
 .text.usbd_edpt_release
                0x00000000100038cc       0x28 CMakeFiles/Base_Scope.dir/home/schuyler/pico/pico-sdk/lib/tinyusb/src/device/usbd.c.obj
                0x00000000100038cc                usbd_edpt_release
 .text.usbd_edpt_xfer
                0x00000000100038f4       0x4c CMakeFiles/Base_Scope.dir/home/schuyler/pico/pico-sdk/lib/tinyusb/src/device/usbd.c.obj
                0x00000000100038f4                usbd_edpt_xfer
 .text.tud_control_status
                0x0000000010003940       0x30 CMakeFiles/Base_Scope.dir/home/schuyler/pico/pico-sdk/lib/tinyusb/src/device/usbd_control.c.obj
                0x0000000010003940                tud_control_status
 .text.tud_control_xfer
                0x0000000010003970       0xbc CMakeFiles/Base_Scope.dir/home/schuyler/pico/pico-sdk/lib/tinyusb/src/device/usbd_control.c.obj
                0x0000000010003970                tud_control_xfer
 .text.usbd_control_reset
                0x0000000010003a2c       0x14 CMakeFiles/Base_Scope.dir/home/schuyler/pico/pico-sdk/lib/tinyusb/src/device/usbd_control.c.obj
                0x0000000010003a2c                usbd_control_reset
 .text.usbd_control_set_complete_callback
                0x0000000010003a40        0xc CMakeFiles/Base_Scope.dir/home/schuyler/pico/pico-sdk/lib/tinyusb/src/device/usbd_control.c.obj
                0x0000000010003a40                usbd_control_set_complete_callback
 .text.usbd_control_set_request
                0x0000000010003a4c       0x1c CMakeFiles/Base_Scope.dir/home/schuyler/pico/pico-sdk/lib/tinyusb/src/device/usbd_control.c.obj
                0x0000000010003a4c                usbd_control_set_request
 .text.usbd_control_xfer_cb
                0x0000000010003a68       0xfc CMakeFiles/Base_Scope.dir/home/schuyler/pico/pico-sdk/lib/tinyusb/src/device/usbd_control.c.obj
                0x0000000010003a68                usbd_control_xfer_cb
 .text.tud_cdc_n_connected
                0x0000000010003b64       0x30 CMakeFiles/Base_Scope.dir/home/schuyler/pico/pico-sdk/lib/tinyusb/src/class/cdc/cdc_device.c.obj
                0x0000000010003b64                tud_cdc_n_connected
 .text.tud_cdc_n_available
                0x0000000010003b94       0x18 CMakeFiles/Base_Scope.dir/home/schuyler/pico/pico-sdk/lib/tinyusb/src/class/cdc/cdc_device.c.obj
                0x0000000010003b94                tud_cdc_n_available
 .text.tud_cdc_n_read
                0x0000000010003bac       0x70 CMakeFiles/Base_Scope.dir/home/schuyler/pico/pico-sdk/lib/tinyusb/src/class/cdc/cdc_device.c.obj
                0x0000000010003bac                tud_cdc_n_read
 .text.tud_cdc_n_write_flush
                0x0000000010003c1c       0x78 CMakeFiles/Base_Scope.dir/home/schuyler/pico/pico-sdk/lib/tinyusb/src/class/cdc/cdc_device.c.obj
                0x0000000010003c1c                tud_cdc_n_write_flush
 .text.tud_cdc_n_write
                0x0000000010003c94       0x34 CMakeFiles/Base_Scope.dir/home/schuyler/pico/pico-sdk/lib/tinyusb/src/class/cdc/cdc_device.c.obj
                0x0000000010003c94                tud_cdc_n_write
 .text.tud_cdc_n_write_available
                0x0000000010003cc8       0x18 CMakeFiles/Base_Scope.dir/home/schuyler/pico/pico-sdk/lib/tinyusb/src/class/cdc/cdc_device.c.obj
                0x0000000010003cc8                tud_cdc_n_write_available
 .text.cdcd_init
                0x0000000010003ce0       0x7c CMakeFiles/Base_Scope.dir/home/schuyler/pico/pico-sdk/lib/tinyusb/src/class/cdc/cdc_device.c.obj
                0x0000000010003ce0                cdcd_init
 .text.cdcd_reset
                0x0000000010003d5c       0x2c CMakeFiles/Base_Scope.dir/home/schuyler/pico/pico-sdk/lib/tinyusb/src/class/cdc/cdc_device.c.obj
                0x0000000010003d5c                cdcd_reset
 .text.cdcd_open
                0x0000000010003d88       0xe8 CMakeFiles/Base_Scope.dir/home/schuyler/pico/pico-sdk/lib/tinyusb/src/class/cdc/cdc_device.c.obj
                0x0000000010003d88                cdcd_open
 .text.cdcd_control_xfer_cb
                0x0000000010003e70       0xe4 CMakeFiles/Base_Scope.dir/home/schuyler/pico/pico-sdk/lib/tinyusb/src/class/cdc/cdc_device.c.obj
                0x0000000010003e70                cdcd_control_xfer_cb
 .text.cdcd_xfer_cb
                0x0000000010003f54      0x148 CMakeFiles/Base_Scope.dir/home/schuyler/pico/pico-sdk/lib/tinyusb/src/class/cdc/cdc_device.c.obj
                0x0000000010003f54                cdcd_xfer_cb
 .text.tusb_init
                0x000000001000409c        0xc CMakeFiles/Base_Scope.dir/home/schuyler/pico/pico-sdk/lib/tinyusb/src/tusb.c.obj
                0x000000001000409c                tusb_init
 .text.tusb_inited
                0x00000000100040a8        0x8 CMakeFiles/Base_Scope.dir/home/schuyler/pico/pico-sdk/lib/tinyusb/src/tusb.c.obj
                0x00000000100040a8                tusb_inited
 .text.tu_edpt_claim
                0x00000000100040b0       0x50 CMakeFiles/Base_Scope.dir/home/schuyler/pico/pico-sdk/lib/tinyusb/src/tusb.c.obj
                0x00000000100040b0                tu_edpt_claim
 .text.tu_edpt_release
                0x0000000010004100       0x38 CMakeFiles/Base_Scope.dir/home/schuyler/pico/pico-sdk/lib/tinyusb/src/tusb.c.obj
                0x0000000010004100                tu_edpt_release
 .text.tu_edpt_validate
                0x0000000010004138       0x78 CMakeFiles/Base_Scope.dir/home/schuyler/pico/pico-sdk/lib/tinyusb/src/tusb.c.obj
                0x0000000010004138                tu_edpt_validate
 .text.tu_edpt_bind_driver
                0x00000000100041b0       0x34 CMakeFiles/Base_Scope.dir/home/schuyler/pico/pico-sdk/lib/tinyusb/src/tusb.c.obj
                0x00000000100041b0                tu_edpt_bind_driver
 .text.tu_fifo_config
                0x00000000100041e4       0x70 CMakeFiles/Base_Scope.dir/home/schuyler/pico/pico-sdk/lib/tinyusb/src/common/tusb_fifo.c.obj
                0x00000000100041e4                tu_fifo_config
 .text.tu_fifo_count
                0x0000000010004254       0x2c CMakeFiles/Base_Scope.dir/home/schuyler/pico/pico-sdk/lib/tinyusb/src/common/tusb_fifo.c.obj
                0x0000000010004254                tu_fifo_count
 .text.tu_fifo_empty
                0x0000000010004280       0x10 CMakeFiles/Base_Scope.dir/home/schuyler/pico/pico-sdk/lib/tinyusb/src/common/tusb_fifo.c.obj
                0x0000000010004280                tu_fifo_empty
 .text.tu_fifo_remaining
                0x0000000010004290       0x2c CMakeFiles/Base_Scope.dir/home/schuyler/pico/pico-sdk/lib/tinyusb/src/common/tusb_fifo.c.obj
                0x0000000010004290                tu_fifo_remaining
 .text.tu_fifo_read
                0x00000000100042bc       0xa0 CMakeFiles/Base_Scope.dir/home/schuyler/pico/pico-sdk/lib/tinyusb/src/common/tusb_fifo.c.obj
                0x00000000100042bc                tu_fifo_read
 .text.tu_fifo_read_n
                0x000000001000435c       0xec CMakeFiles/Base_Scope.dir/home/schuyler/pico/pico-sdk/lib/tinyusb/src/common/tusb_fifo.c.obj
                0x000000001000435c                tu_fifo_read_n
 .text.tu_fifo_write
                0x0000000010004448       0x88 CMakeFiles/Base_Scope.dir/home/schuyler/pico/pico-sdk/lib/tinyusb/src/common/tusb_fifo.c.obj
                0x0000000010004448                tu_fifo_write
 .text.tu_fifo_write_n
                0x00000000100044d0      0x168 CMakeFiles/Base_Scope.dir/home/schuyler/pico/pico-sdk/lib/tinyusb/src/common/tusb_fifo.c.obj
                0x00000000100044d0                tu_fifo_write_n
 .text.tu_fifo_clear
                0x0000000010004638       0x40 CMakeFiles/Base_Scope.dir/home/schuyler/pico/pico-sdk/lib/tinyusb/src/common/tusb_fifo.c.obj
                0x0000000010004638                tu_fifo_clear
 .text.tu_fifo_set_overwritable
                0x0000000010004678       0x48 CMakeFiles/Base_Scope.dir/home/schuyler/pico/pico-sdk/lib/tinyusb/src/common/tusb_fifo.c.obj
                0x0000000010004678                tu_fifo_set_overwritable
 .text.pio_add_program
                0x00000000100046c0       0xc8 CMakeFiles/Base_Scope.dir/home/schuyler/pico/pico-sdk/src/rp2_common/hardware_pio/pio.c.obj
                0x00000000100046c0                pio_add_program
 .text.pio_sm_init
                0x0000000010004788       0x8c CMakeFiles/Base_Scope.dir/home/schuyler/pico/pico-sdk/src/rp2_common/hardware_pio/pio.c.obj
                0x0000000010004788                pio_sm_init
 .text          0x0000000010004814       0x28 /usr/lib/gcc/arm-none-eabi/10.3.1/../../../arm-none-eabi/lib/thumb/v6-m/nofp/libc.a(lib_a-malloc.o)
                0x0000000010004814                malloc
                0x0000000010004828                free
 .text          0x000000001000483c      0x574 /usr/lib/gcc/arm-none-eabi/10.3.1/../../../arm-none-eabi/lib/thumb/v6-m/nofp/libc.a(lib_a-mallocr.o)
                0x000000001000483c                _malloc_r
 .text          0x0000000010004db0        0x8 /usr/lib/gcc/arm-none-eabi/10.3.1/../../../arm-none-eabi/lib/thumb/v6-m/nofp/libc.a(lib_a-mlock.o)
                0x0000000010004db0                __malloc_lock
                0x0000000010004db4                __malloc_unlock
 .text          0x0000000010004db8       0x24 /usr/lib/gcc/arm-none-eabi/10.3.1/../../../arm-none-eabi/lib/thumb/v6-m/nofp/libc.a(lib_a-sbrkr.o)
                0x0000000010004db8                _sbrk_r
 .text          0x0000000010004ddc       0x5c /usr/lib/gcc/arm-none-eabi/10.3.1/../../../arm-none-eabi/lib/thumb/v6-m/nofp/libc.a(lib_a-strlen-stub.o)
                0x0000000010004ddc                strlen
 .text          0x0000000010004e38      0x260 /usr/lib/gcc/arm-none-eabi/10.3.1/../../../arm-none-eabi/lib/thumb/v6-m/nofp/libc.a(lib_a-freer.o)
                0x0000000010004e38                _malloc_trim_r
                0x0000000010004ed4                _free_r
 *(.fini)
 .fini          0x0000000010005098        0x4 /usr/lib/gcc/arm-none-eabi/10.3.1/thumb/v6-m/nofp/crti.o
                0x0000000010005098                _fini
 *fill*         0x000000001000509c        0x4 
 .fini.__stub   0x00000000100050a0       0xc0 linker stubs
 *crtbegin.o(.ctors)
 *crtbegin?.o(.ctors)
 *(EXCLUDE_FILE(*crtend.o *crtend?.o) .ctors)
 *(SORT_BY_NAME(.ctors.*))
 *(.ctors)
 *crtbegin.o(.dtors)
 *crtbegin?.o(.dtors)
 *(EXCLUDE_FILE(*crtend.o *crtend?.o) .dtors)
 *(SORT_BY_NAME(.dtors.*))
 *(.dtors)
 *(.eh_frame*)
 .eh_frame      0x0000000010005160        0x0 /usr/lib/gcc/arm-none-eabi/10.3.1/thumb/v6-m/nofp/crtbegin.o
                0x0000000010005160                . = ALIGN (0x4)

.glue_7         0x0000000010005160        0x0
 .glue_7        0x0000000010005160        0x0 linker stubs

.glue_7t        0x0000000010005160        0x0
 .glue_7t       0x0000000010005160        0x0 linker stubs

.vfp11_veneer   0x0000000010005160        0x0
 .vfp11_veneer  0x0000000010005160        0x0 linker stubs

.v4_bx          0x0000000010005160        0x0
 .v4_bx         0x0000000010005160        0x0 linker stubs

.iplt           0x0000000010005160        0x0
 .iplt          0x0000000010005160        0x0 /usr/lib/gcc/arm-none-eabi/10.3.1/thumb/v6-m/nofp/crtbegin.o

.rodata         0x0000000010005160      0x32c
 *(EXCLUDE_FILE(*libm.a: *libc.a:*lib_a-mem*.o *libgcc.a:) .rodata*)
 .rodata.main.str1.4
                0x0000000010005160       0x34 CMakeFiles/Base_Scope.dir/main.c.obj
 .rodata.spin_lock_claim_unused.str1.4
                0x0000000010005194       0x1b CMakeFiles/Base_Scope.dir/home/schuyler/pico/pico-sdk/src/rp2_common/hardware_sync/sync.c.obj
 *fill*         0x00000000100051af        0x1 
 .rodata.user_irq_claim_unused.str1.4
                0x00000000100051b0       0x1b CMakeFiles/Base_Scope.dir/home/schuyler/pico/pico-sdk/src/rp2_common/hardware_irq/irq.c.obj
 *fill*         0x00000000100051cb        0x1 
 .rodata.hardware_alarm_claim.str1.4
                0x00000000100051cc       0x22 CMakeFiles/Base_Scope.dir/home/schuyler/pico/pico-sdk/src/rp2_common/hardware_timer/timer.c.obj
 *fill*         0x00000000100051ee        0x2 
 .rodata.panic.str1.4
                0x00000000100051f0       0x12 CMakeFiles/Base_Scope.dir/home/schuyler/pico/pico-sdk/src/rp2_common/pico_runtime/runtime.c.obj
 *fill*         0x0000000010005202        0x2 
 .rodata.hard_assertion_failure.str1.4
                0x0000000010005204        0xc CMakeFiles/Base_Scope.dir/home/schuyler/pico/pico-sdk/src/rp2_common/pico_runtime/runtime.c.obj
 .rodata.__wrap_malloc.str1.4
                0x0000000010005210        0xe CMakeFiles/Base_Scope.dir/home/schuyler/pico/pico-sdk/src/rp2_common/pico_malloc/pico_malloc.c.obj
 *fill*         0x000000001000521e        0x2 
 .rodata.str1.4
                0x0000000010005220       0x40 CMakeFiles/Base_Scope.dir/home/schuyler/pico/pico-sdk/src/rp2_common/pico_standard_link/binary_info.c.obj
 .rodata.__bi_44
                0x0000000010005260        0xc CMakeFiles/Base_Scope.dir/home/schuyler/pico/pico-sdk/src/rp2_common/pico_standard_link/binary_info.c.obj
 .rodata.__bi_75
                0x000000001000526c        0xc CMakeFiles/Base_Scope.dir/home/schuyler/pico/pico-sdk/src/rp2_common/pico_standard_link/binary_info.c.obj
 .rodata.__bi_81
                0x0000000010005278        0xc CMakeFiles/Base_Scope.dir/home/schuyler/pico/pico-sdk/src/rp2_common/pico_standard_link/binary_info.c.obj
 .rodata.crlf_str.0
                0x0000000010005284        0x2 CMakeFiles/Base_Scope.dir/home/schuyler/pico/pico-sdk/src/rp2_common/pico_stdio/stdio.c.obj
 *fill*         0x0000000010005286        0x2 
 .rodata._resetd_driver
                0x0000000010005288       0x18 CMakeFiles/Base_Scope.dir/home/schuyler/pico/pico-sdk/src/rp2_common/pico_stdio_usb/reset_interface.c.obj
 .rodata.str1.4
                0x00000000100052a0       0x13 CMakeFiles/Base_Scope.dir/home/schuyler/pico/pico-sdk/src/rp2_common/pico_stdio_usb/stdio_usb.c.obj
 *fill*         0x00000000100052b3        0x1 
 .rodata.__bi_182.0
                0x00000000100052b4        0xc CMakeFiles/Base_Scope.dir/home/schuyler/pico/pico-sdk/src/rp2_common/pico_stdio_usb/stdio_usb.c.obj
 .rodata.str1.4
                0x00000000100052c0       0x2a CMakeFiles/Base_Scope.dir/home/schuyler/pico/pico-sdk/src/rp2_common/pico_stdio_usb/stdio_usb_descriptors.c.obj
 *fill*         0x00000000100052ea        0x2 
 .rodata.usbd_desc_cfg
                0x00000000100052ec       0x54 CMakeFiles/Base_Scope.dir/home/schuyler/pico/pico-sdk/src/rp2_common/pico_stdio_usb/stdio_usb_descriptors.c.obj
 .rodata.usbd_desc_device
                0x0000000010005340       0x12 CMakeFiles/Base_Scope.dir/home/schuyler/pico/pico-sdk/src/rp2_common/pico_stdio_usb/stdio_usb_descriptors.c.obj
 *fill*         0x0000000010005352        0x2 
 .rodata.usbd_desc_str
                0x0000000010005354       0x18 CMakeFiles/Base_Scope.dir/home/schuyler/pico/pico-sdk/src/rp2_common/pico_stdio_usb/stdio_usb_descriptors.c.obj
 .rodata.str1.4
                0x000000001000536c       0x14 CMakeFiles/Base_Scope.dir/home/schuyler/pico/pico-sdk/lib/tinyusb/src/portable/raspberrypi/rp2040/dcd_rp2040.c.obj
 .rodata.str1.4
                0x0000000010005380       0x53 CMakeFiles/Base_Scope.dir/home/schuyler/pico/pico-sdk/lib/tinyusb/src/portable/raspberrypi/rp2040/rp2040_usb.c.obj
 *fill*         0x00000000100053d3        0x1 
 .rodata.tud_task_ext
                0x00000000100053d4       0x8c CMakeFiles/Base_Scope.dir/home/schuyler/pico/pico-sdk/lib/tinyusb/src/device/usbd.c.obj
 .rodata._usbd_driver
                0x0000000010005460       0x18 CMakeFiles/Base_Scope.dir/home/schuyler/pico/pico-sdk/lib/tinyusb/src/device/usbd.c.obj
 .rodata.pio_add_program.str1.4
                0x0000000010005478       0x11 CMakeFiles/Base_Scope.dir/home/schuyler/pico/pico-sdk/src/rp2_common/hardware_pio/pio.c.obj
                0x000000001000548c                . = ALIGN (0x4)
 *fill*         0x0000000010005489        0x3 
 *(SORT_BY_ALIGNMENT(SORT_BY_NAME(.flashdata*)))
                0x000000001000548c                . = ALIGN (0x4)

.ARM.extab
 *(.ARM.extab* .gnu.linkonce.armextab.*)
                0x000000001000548c                __exidx_start = .

.ARM.exidx
 *(.ARM.exidx* .gnu.linkonce.armexidx.*)
                0x000000001000548c                __exidx_end = .
                0x000000001000548c                . = ALIGN (0x4)
                0x000000001000548c                __binary_info_start = .

.binary_info    0x000000001000548c       0x20
 *(.binary_info.keep.*)
 .binary_info.keep.__bi_ptr22
                0x000000001000548c        0x4 CMakeFiles/Base_Scope.dir/home/schuyler/pico/pico-sdk/src/rp2_common/pico_standard_link/binary_info.c.obj
 .binary_info.keep.__bi_ptr30
                0x0000000010005490        0x4 CMakeFiles/Base_Scope.dir/home/schuyler/pico/pico-sdk/src/rp2_common/pico_standard_link/binary_info.c.obj
 .binary_info.keep.__bi_ptr38
                0x0000000010005494        0x4 CMakeFiles/Base_Scope.dir/home/schuyler/pico/pico-sdk/src/rp2_common/pico_standard_link/binary_info.c.obj
 .binary_info.keep.__bi_ptr44
                0x0000000010005498        0x4 CMakeFiles/Base_Scope.dir/home/schuyler/pico/pico-sdk/src/rp2_common/pico_standard_link/binary_info.c.obj
 .binary_info.keep.__bi_ptr50
                0x000000001000549c        0x4 CMakeFiles/Base_Scope.dir/home/schuyler/pico/pico-sdk/src/rp2_common/pico_standard_link/binary_info.c.obj
 .binary_info.keep.__bi_ptr75
                0x00000000100054a0        0x4 CMakeFiles/Base_Scope.dir/home/schuyler/pico/pico-sdk/src/rp2_common/pico_standard_link/binary_info.c.obj
 .binary_info.keep.__bi_ptr81
                0x00000000100054a4        0x4 CMakeFiles/Base_Scope.dir/home/schuyler/pico/pico-sdk/src/rp2_common/pico_standard_link/binary_info.c.obj
 *(.binary_info.*)
 .binary_info.__bi_ptr182
                0x00000000100054a8        0x4 CMakeFiles/Base_Scope.dir/home/schuyler/pico/pico-sdk/src/rp2_common/pico_stdio_usb/stdio_usb.c.obj
                0x00000000100054ac                __binary_info_end = .

.rel.dyn        0x00000000100054ac        0x0
 .rel.iplt      0x00000000100054ac        0x0 /usr/lib/gcc/arm-none-eabi/10.3.1/thumb/v6-m/nofp/crtbegin.o
                0x00000000100054ac                . = ALIGN (0x4)

.ram_vector_table
                0x0000000020000000       0xc0
 *(.ram_vector_table)
 .ram_vector_table
                0x0000000020000000       0xc0 CMakeFiles/Base_Scope.dir/home/schuyler/pico/pico-sdk/src/rp2_common/pico_runtime/runtime.c.obj
                0x0000000020000000                ram_vector_table

.data           0x00000000200000c0     0x1690 load address 0x00000000100054ac
                0x00000000200000c0                __data_start__ = .
 *(vtable)
 *(.time_critical*)
 .time_critical.mutex_try_enter
                0x00000000200000c0       0x44 CMakeFiles/Base_Scope.dir/home/schuyler/pico/pico-sdk/src/common/pico_sync/mutex.c.obj
                0x00000000200000c0                mutex_try_enter
 .time_critical.mutex_try_enter_block_until
                0x0000000020000104       0x9c CMakeFiles/Base_Scope.dir/home/schuyler/pico/pico-sdk/src/common/pico_sync/mutex.c.obj
                0x0000000020000104                mutex_try_enter_block_until
 .time_critical.mutex_enter_timeout_ms
                0x00000000200001a0       0x90 CMakeFiles/Base_Scope.dir/home/schuyler/pico/pico-sdk/src/common/pico_sync/mutex.c.obj
                0x00000000200001a0                mutex_enter_timeout_ms
 .time_critical.mutex_exit
                0x0000000020000230       0x28 CMakeFiles/Base_Scope.dir/home/schuyler/pico/pico-sdk/src/common/pico_sync/mutex.c.obj
                0x0000000020000230                mutex_exit
 .time_critical.flash_init_boot2_copyout
                0x0000000020000258       0x30 CMakeFiles/Base_Scope.dir/home/schuyler/pico/pico-sdk/src/rp2_common/hardware_flash/flash.c.obj
 .time_critical.flash_enable_xip_via_boot2
                0x0000000020000288       0x10 CMakeFiles/Base_Scope.dir/home/schuyler/pico/pico-sdk/src/rp2_common/hardware_flash/flash.c.obj
 .time_critical.flash_cs_force
                0x0000000020000298       0x38 CMakeFiles/Base_Scope.dir/home/schuyler/pico/pico-sdk/src/rp2_common/hardware_flash/flash.c.obj
 .time_critical.flash_do_cmd
                0x00000000200002d0       0xc4 CMakeFiles/Base_Scope.dir/home/schuyler/pico/pico-sdk/src/rp2_common/hardware_flash/flash.c.obj
                0x00000000200002d0                flash_do_cmd
 .time_critical.reset_non_control_endpoints
                0x0000000020000394       0xbc CMakeFiles/Base_Scope.dir/home/schuyler/pico/pico-sdk/lib/tinyusb/src/portable/raspberrypi/rp2040/dcd_rp2040.c.obj
 .time_critical.hw_handle_buff_status
                0x0000000020000450       0xa8 CMakeFiles/Base_Scope.dir/home/schuyler/pico/pico-sdk/lib/tinyusb/src/portable/raspberrypi/rp2040/dcd_rp2040.c.obj
 .time_critical.dcd_rp2040_irq
                0x00000000200004f8      0x4d8 CMakeFiles/Base_Scope.dir/home/schuyler/pico/pico-sdk/lib/tinyusb/src/portable/raspberrypi/rp2040/dcd_rp2040.c.obj
 .time_critical.e15_is_bulkin_ep
                0x00000000200009d0       0x28 CMakeFiles/Base_Scope.dir/home/schuyler/pico/pico-sdk/lib/tinyusb/src/portable/raspberrypi/rp2040/rp2040_usb.c.obj
 .time_critical.e15_is_critical_frame_period
                0x00000000200009f8       0x34 CMakeFiles/Base_Scope.dir/home/schuyler/pico/pico-sdk/lib/tinyusb/src/portable/raspberrypi/rp2040/rp2040_usb.c.obj
 .time_critical.prepare_ep_buffer
                0x0000000020000a2c       0x70 CMakeFiles/Base_Scope.dir/home/schuyler/pico/pico-sdk/lib/tinyusb/src/portable/raspberrypi/rp2040/rp2040_usb.c.obj
 .time_critical.sync_ep_buffer
                0x0000000020000a9c       0x4c CMakeFiles/Base_Scope.dir/home/schuyler/pico/pico-sdk/lib/tinyusb/src/portable/raspberrypi/rp2040/rp2040_usb.c.obj
 .time_critical._hw_endpoint_xfer_sync
                0x0000000020000ae8       0x28 CMakeFiles/Base_Scope.dir/home/schuyler/pico/pico-sdk/lib/tinyusb/src/portable/raspberrypi/rp2040/rp2040_usb.c.obj
 .time_critical.hw_endpoint_reset_transfer
                0x0000000020000b10        0xc CMakeFiles/Base_Scope.dir/home/schuyler/pico/pico-sdk/lib/tinyusb/src/portable/raspberrypi/rp2040/rp2040_usb.c.obj
                0x0000000020000b10                hw_endpoint_reset_transfer
 .time_critical._hw_endpoint_buffer_control_update32
                0x0000000020000b1c       0x58 CMakeFiles/Base_Scope.dir/home/schuyler/pico/pico-sdk/lib/tinyusb/src/portable/raspberrypi/rp2040/rp2040_usb.c.obj
                0x0000000020000b1c                _hw_endpoint_buffer_control_update32
 .time_critical.hw_endpoint_start_next_buffer
                0x0000000020000b74       0x6c CMakeFiles/Base_Scope.dir/home/schuyler/pico/pico-sdk/lib/tinyusb/src/portable/raspberrypi/rp2040/rp2040_usb.c.obj
                0x0000000020000b74                hw_endpoint_start_next_buffer
 .time_critical.hw_endpoint_xfer_continue
                0x0000000020000be0       0x50 CMakeFiles/Base_Scope.dir/home/schuyler/pico/pico-sdk/lib/tinyusb/src/portable/raspberrypi/rp2040/rp2040_usb.c.obj
                0x0000000020000be0                hw_endpoint_xfer_continue
 .time_critical.tinyusb
                0x0000000020000c30      0x170 CMakeFiles/Base_Scope.dir/home/schuyler/pico/pico-sdk/lib/tinyusb/src/device/usbd.c.obj
                0x0000000020000c30                dcd_event_handler
 *(.text*)
 .text          0x0000000020000da0        0x4 /usr/lib/gcc/arm-none-eabi/10.3.1/thumb/v6-m/nofp/libgcc.a(_dvmd_tls.o)
                0x0000000020000da0                __aeabi_ldiv0
                0x0000000020000da0                __aeabi_idiv0
 *fill*         0x0000000020000da4        0x4 
 .text.__stub   0x0000000020000da8       0x70 linker stubs
                0x0000000020000e18                . = ALIGN (0x4)
 *(.rodata*)
                0x0000000020000e18                . = ALIGN (0x4)
 *(.data*)
 .data.striped_spin_lock_num
                0x0000000020000e18        0x1 CMakeFiles/Base_Scope.dir/home/schuyler/pico/pico-sdk/src/rp2_common/hardware_sync/sync.c.obj
 *fill*         0x0000000020000e19        0x3 
 .data          0x0000000020000e1c       0x48 CMakeFiles/Base_Scope.dir/home/schuyler/pico/pico-sdk/src/rp2_common/hardware_irq/irq_handler_chain.S.obj
                0x0000000020000e1c                irq_handler_chain_slots
                0x0000000020000e4c                irq_handler_chain_first_slot
                0x0000000020000e56                irq_handler_chain_remove_tail
 .data.default_alarm_pool
                0x0000000020000e64       0x18 CMakeFiles/Base_Scope.dir/home/schuyler/pico/pico-sdk/src/common/pico_time/time.c.obj
 .data.default_alarm_pool_heap
                0x0000000020000e7c       0x10 CMakeFiles/Base_Scope.dir/home/schuyler/pico/pico-sdk/src/common/pico_time/time.c.obj
 *fill*         0x0000000020000e8c        0x4 
 .data.aeabi_bits_funcs
                0x0000000020000e90       0x10 CMakeFiles/Base_Scope.dir/home/schuyler/pico/pico-sdk/src/rp2_common/pico_bit_ops/bit_ops_aeabi.S.obj
                0x0000000020000e90                aeabi_bits_funcs
                0x0000000020000ea0                aeabi_bits_funcs_end
 .data.aeabi_mem_funcs
                0x0000000020000ea0       0x10 CMakeFiles/Base_Scope.dir/home/schuyler/pico/pico-sdk/src/rp2_common/pico_mem_ops/mem_ops_aeabi.S.obj
                0x0000000020000ea0                aeabi_mem_funcs
                0x0000000020000eb0                aeabi_mem_funcs_end
 .data.stdio_usb
                0x0000000020000eb0       0x18 CMakeFiles/Base_Scope.dir/home/schuyler/pico/pico-sdk/src/rp2_common/pico_stdio_usb/stdio_usb.c.obj
                0x0000000020000eb0                stdio_usb
 .data.ep_dir_string
                0x0000000020000ec8        0x8 CMakeFiles/Base_Scope.dir/home/schuyler/pico/pico-sdk/lib/tinyusb/src/portable/raspberrypi/rp2040/rp2040_usb.c.obj
                0x0000000020000ec8                ep_dir_string
 .data._usbd_qdef
                0x0000000020000ed0       0x1c CMakeFiles/Base_Scope.dir/home/schuyler/pico/pico-sdk/lib/tinyusb/src/device/usbd.c.obj
                0x0000000020000ed0                _usbd_qdef
 .data._usbd_rhport
                0x0000000020000eec        0x1 CMakeFiles/Base_Scope.dir/home/schuyler/pico/pico-sdk/lib/tinyusb/src/device/usbd.c.obj
 *fill*         0x0000000020000eed        0x3 
 .data          0x0000000020000ef0      0x430 /usr/lib/gcc/arm-none-eabi/10.3.1/../../../arm-none-eabi/lib/thumb/v6-m/nofp/libc.a(lib_a-impure.o)
                0x0000000020000ef0                _impure_ptr
 .data          0x0000000020001320      0x410 /usr/lib/gcc/arm-none-eabi/10.3.1/../../../arm-none-eabi/lib/thumb/v6-m/nofp/libc.a(lib_a-mallocr.o)
                0x0000000020001320                __malloc_sbrk_base
                0x0000000020001324                __malloc_trim_threshold
                0x0000000020001328                __malloc_av_
                0x0000000020001730                . = ALIGN (0x4)
 *(.after_data.*)
                0x0000000020001730                . = ALIGN (0x4)
                0x0000000020001730                PROVIDE (__mutex_array_start = .)
 *(SORT_BY_NAME(.mutex_array.*))
 *(.mutex_array)
 .mutex_array   0x0000000020001730        0x8 CMakeFiles/Base_Scope.dir/home/schuyler/pico/pico-sdk/src/rp2_common/pico_stdio/stdio.c.obj
                0x0000000020001738                PROVIDE (__mutex_array_end = .)
                0x0000000020001738                . = ALIGN (0x4)
                0x0000000020001738                PROVIDE (__preinit_array_start = .)
 *(SORT_BY_NAME(.preinit_array.*))
 .preinit_array.00001
                0x0000000020001738        0x4 CMakeFiles/Base_Scope.dir/home/schuyler/pico/pico-sdk/src/rp2_common/pico_mem_ops/mem_ops_aeabi.S.obj
 .preinit_array.00010
                0x000000002000173c        0x4 CMakeFiles/Base_Scope.dir/home/schuyler/pico/pico-sdk/src/rp2_common/pico_bit_ops/bit_ops_aeabi.S.obj
 .preinit_array.00020
                0x0000000020001740        0x4 CMakeFiles/Base_Scope.dir/home/schuyler/pico/pico-sdk/src/rp2_common/pico_double/double_aeabi.S.obj
 .preinit_array.00020
                0x0000000020001744        0x4 CMakeFiles/Base_Scope.dir/home/schuyler/pico/pico-sdk/src/rp2_common/pico_float/float_aeabi.S.obj
 *(.preinit_array)
                0x0000000020001748                PROVIDE (__preinit_array_end = .)
                0x0000000020001748                . = ALIGN (0x4)
                0x0000000020001748                PROVIDE (__init_array_start = .)
 *(SORT_BY_NAME(.init_array.*))
 *(.init_array)
 .init_array    0x0000000020001748        0x4 /usr/lib/gcc/arm-none-eabi/10.3.1/thumb/v6-m/nofp/crtbegin.o
 .init_array    0x000000002000174c        0x4 CMakeFiles/Base_Scope.dir/home/schuyler/pico/pico-sdk/src/rp2_common/pico_unique_id/unique_id.c.obj
                0x0000000020001750                PROVIDE (__init_array_end = .)
                0x0000000020001750                . = ALIGN (0x4)
                0x0000000020001750                PROVIDE (__fini_array_start = .)
 *(SORT_BY_NAME(.fini_array.*))
 *(.fini_array)
                0x0000000020001750                PROVIDE (__fini_array_end = .)
 *(.jcr)
                0x0000000020001750                . = ALIGN (0x4)
                0x0000000020001750                __data_end__ = .
                0x00000000100054ac                __etext = LOADADDR (.data)

.tm_clone_table
                0x0000000020001750        0x0 load address 0x0000000010006b3c
 .tm_clone_table
                0x0000000020001750        0x0 /usr/lib/gcc/arm-none-eabi/10.3.1/thumb/v6-m/nofp/crtbegin.o
 .tm_clone_table
                0x0000000020001750        0x0 /usr/lib/gcc/arm-none-eabi/10.3.1/thumb/v6-m/nofp/crtend.o

.igot.plt       0x0000000020001750        0x0 load address 0x0000000010006b3c
 .igot.plt      0x0000000020001750        0x0 /usr/lib/gcc/arm-none-eabi/10.3.1/thumb/v6-m/nofp/crtbegin.o

.uninitialized_data
                0x0000000020001750        0x0 load address 0x0000000010006b3c
                0x0000000020001750                . = ALIGN (0x4)
 *(.uninitialized_data*)

.scratch_x      0x0000000020040000        0x0 load address 0x0000000010006b3c
                0x0000000020040000                __scratch_x_start__ = .
 *(.scratch_x.*)
                0x0000000020040000                . = ALIGN (0x4)
                0x0000000020040000                __scratch_x_end__ = .
                0x0000000010006b3c                __scratch_x_source__ = LOADADDR (.scratch_x)

.scratch_y      0x0000000020041000        0x0 load address 0x0000000010006b3c
                0x0000000020041000                __scratch_y_start__ = .
 *(.scratch_y.*)
                0x0000000020041000                . = ALIGN (0x4)
                0x0000000020041000                __scratch_y_end__ = .
                0x0000000010006b3c                __scratch_y_source__ = LOADADDR (.scratch_y)

.bss            0x0000000020001750      0xdcc
                0x0000000020001750                . = ALIGN (0x4)
                0x0000000020001750                __bss_start__ = .
 *(SORT_BY_ALIGNMENT(SORT_BY_NAME(.bss*)))
 .bss.default_alarm_pool_entries
                0x0000000020001750      0x100 CMakeFiles/Base_Scope.dir/home/schuyler/pico/pico-sdk/src/common/pico_time/time.c.obj
 .bss.last_avail_time.1
                0x0000000020001850        0x8 CMakeFiles/Base_Scope.dir/home/schuyler/pico/pico-sdk/src/rp2_common/pico_stdio_usb/stdio_usb.c.obj
 .bss.sd_table  0x0000000020001858      0x100 CMakeFiles/Base_Scope.dir/home/schuyler/pico/pico-sdk/src/rp2_common/pico_double/double_init_rom.c.obj
                0x0000000020001858                sd_table
 .bss.sf_table  0x0000000020001958      0x100 CMakeFiles/Base_Scope.dir/home/schuyler/pico/pico-sdk/src/rp2_common/pico_float/float_init_rom.c.obj
                0x0000000020001958                sf_table
 .bss           0x0000000020001a58       0x1c /usr/lib/gcc/arm-none-eabi/10.3.1/thumb/v6-m/nofp/crtbegin.o
 .bss           0x0000000020001a74       0x34 /usr/lib/gcc/arm-none-eabi/10.3.1/../../../arm-none-eabi/lib/thumb/v6-m/nofp/libc.a(lib_a-mallocr.o)
                0x0000000020001a74                __malloc_top_pad
                0x0000000020001a78                __malloc_current_mallinfo
                0x0000000020001aa0                __malloc_max_sbrked_mem
                0x0000000020001aa4                __malloc_max_total_mem
 .bss           0x0000000020001aa8        0x4 /usr/lib/gcc/arm-none-eabi/10.3.1/../../../arm-none-eabi/lib/thumb/v6-m/nofp/libc.a(lib_a-reent.o)
                0x0000000020001aa8                errno
 .bss._app_driver
                0x0000000020001aac        0x4 CMakeFiles/Base_Scope.dir/home/schuyler/pico/pico-sdk/lib/tinyusb/src/device/usbd.c.obj
 .bss._cdcd_itf
                0x0000000020001ab0      0x2c8 CMakeFiles/Base_Scope.dir/home/schuyler/pico/pico-sdk/lib/tinyusb/src/class/cdc/cdc_device.c.obj
 .bss._ctrl_xfer
                0x0000000020001d78       0x14 CMakeFiles/Base_Scope.dir/home/schuyler/pico/pico-sdk/lib/tinyusb/src/device/usbd_control.c.obj
 .bss._ubsd_mutexdef
                0x0000000020001d8c        0x8 CMakeFiles/Base_Scope.dir/home/schuyler/pico/pico-sdk/lib/tinyusb/src/device/usbd.c.obj
 .bss._usbd_ctrl_buf
                0x0000000020001d94       0x40 CMakeFiles/Base_Scope.dir/home/schuyler/pico/pico-sdk/lib/tinyusb/src/device/usbd_control.c.obj
 .bss._usbd_dev
                0x0000000020001dd4       0x53 CMakeFiles/Base_Scope.dir/home/schuyler/pico/pico-sdk/lib/tinyusb/src/device/usbd.c.obj
 *fill*         0x0000000020001e27        0x1 
 .bss._usbd_mutex
                0x0000000020001e28        0x4 CMakeFiles/Base_Scope.dir/home/schuyler/pico/pico-sdk/lib/tinyusb/src/device/usbd.c.obj
 .bss._usbd_q   0x0000000020001e2c        0x4 CMakeFiles/Base_Scope.dir/home/schuyler/pico/pico-sdk/lib/tinyusb/src/device/usbd.c.obj
 .bss._usbd_qdef_buf
                0x0000000020001e30       0xc0 CMakeFiles/Base_Scope.dir/home/schuyler/pico/pico-sdk/lib/tinyusb/src/device/usbd.c.obj
                0x0000000020001e30                _usbd_qdef_buf
 .bss._used_instruction_space
                0x0000000020001ef0        0x8 CMakeFiles/Base_Scope.dir/home/schuyler/pico/pico-sdk/src/rp2_common/hardware_pio/pio.c.obj
 .bss.alarm_callbacks
                0x0000000020001ef8       0x10 CMakeFiles/Base_Scope.dir/home/schuyler/pico/pico-sdk/src/rp2_common/hardware_timer/timer.c.obj
 .bss.boot2_copyout
                0x0000000020001f08      0x100 CMakeFiles/Base_Scope.dir/home/schuyler/pico/pico-sdk/src/rp2_common/hardware_flash/flash.c.obj
 .bss.chars_available_callback
                0x0000000020002008        0x4 CMakeFiles/Base_Scope.dir/home/schuyler/pico/pico-sdk/src/rp2_common/pico_stdio_usb/stdio_usb.c.obj
 .bss.chars_available_param
                0x000000002000200c        0x4 CMakeFiles/Base_Scope.dir/home/schuyler/pico/pico-sdk/src/rp2_common/pico_stdio_usb/stdio_usb.c.obj
 .bss.claimed   0x0000000020002010        0x4 CMakeFiles/Base_Scope.dir/home/schuyler/pico/pico-sdk/src/rp2_common/hardware_sync/sync.c.obj
 .bss.configured_freq
                0x0000000020002014       0x28 CMakeFiles/Base_Scope.dir/home/schuyler/pico/pico-sdk/src/rp2_common/hardware_clocks/clocks.c.obj
 .bss.default_alarm_pool_entry_ids_high
                0x000000002000203c       0x10 CMakeFiles/Base_Scope.dir/home/schuyler/pico/pico-sdk/src/common/pico_time/time.c.obj
 .bss.default_alarm_pool_heap_nodes
                0x000000002000204c       0x30 CMakeFiles/Base_Scope.dir/home/schuyler/pico/pico-sdk/src/common/pico_time/time.c.obj
 .bss.desc_str.0
                0x000000002000207c       0x28 CMakeFiles/Base_Scope.dir/home/schuyler/pico/pico-sdk/src/rp2_common/pico_stdio_usb/stdio_usb_descriptors.c.obj
 .bss.drivers   0x00000000200020a4        0x4 CMakeFiles/Base_Scope.dir/home/schuyler/pico/pico-sdk/src/rp2_common/pico_stdio/stdio.c.obj
 .bss.e15_last_sof
                0x00000000200020a8        0x4 CMakeFiles/Base_Scope.dir/home/schuyler/pico/pico-sdk/lib/tinyusb/src/portable/raspberrypi/rp2040/rp2040_usb.c.obj
                0x00000000200020a8                e15_last_sof
 .bss.filter    0x00000000200020ac        0x4 CMakeFiles/Base_Scope.dir/home/schuyler/pico/pico-sdk/src/rp2_common/pico_stdio/stdio.c.obj
 .bss.heap_end.0
                0x00000000200020b0        0x4 CMakeFiles/Base_Scope.dir/home/schuyler/pico/pico-sdk/src/rp2_common/pico_runtime/runtime.c.obj
 .bss.hw_endpoints
                0x00000000200020b4      0x400 CMakeFiles/Base_Scope.dir/home/schuyler/pico/pico-sdk/lib/tinyusb/src/portable/raspberrypi/rp2040/dcd_rp2040.c.obj
 .bss.lazy_vsnprintf
                0x00000000200024b4        0x4 CMakeFiles/Base_Scope.dir/home/schuyler/pico/pico-sdk/src/rp2_common/pico_printf/printf.c.obj
 .bss.load_value
                0x00000000200024b8        0x4 CMakeFiles/Base_Scope.dir/home/schuyler/pico/pico-sdk/src/rp2_common/hardware_watchdog/watchdog.c.obj
 .bss.next_buffer_ptr
                0x00000000200024bc        0x4 CMakeFiles/Base_Scope.dir/home/schuyler/pico/pico-sdk/lib/tinyusb/src/portable/raspberrypi/rp2040/dcd_rp2040.c.obj
 .bss.one_shot_timer_crit_sec
                0x00000000200024c0        0x8 CMakeFiles/Base_Scope.dir/home/schuyler/pico/pico-sdk/src/rp2_common/pico_stdio_usb/stdio_usb.c.obj
 .bss.pools     0x00000000200024c8       0x10 CMakeFiles/Base_Scope.dir/home/schuyler/pico/pico-sdk/src/common/pico_time/time.c.obj
 .bss.retrieved_id
                0x00000000200024d8        0x8 CMakeFiles/Base_Scope.dir/home/schuyler/pico/pico-sdk/src/rp2_common/pico_unique_id/unique_id.c.obj
 .bss.sf_clz_func
                0x00000000200024e0        0x4 CMakeFiles/Base_Scope.dir/home/schuyler/pico/pico-sdk/src/rp2_common/pico_double/double_init_rom.c.obj
                0x00000000200024e0                sf_clz_func
 .bss.sleep_notifier
                0x00000000200024e4        0x4 CMakeFiles/Base_Scope.dir/home/schuyler/pico/pico-sdk/src/common/pico_time/time.c.obj
 .bss.stdio_usb_mutex
                0x00000000200024e8        0x8 CMakeFiles/Base_Scope.dir/home/schuyler/pico/pico-sdk/src/rp2_common/pico_stdio_usb/stdio_usb.c.obj
 .bss.target_hi
                0x00000000200024f0       0x10 CMakeFiles/Base_Scope.dir/home/schuyler/pico/pico-sdk/src/rp2_common/hardware_timer/timer.c.obj
 .bss.usbd_serial_str
                0x0000000020002500       0x11 CMakeFiles/Base_Scope.dir/home/schuyler/pico/pico-sdk/src/rp2_common/pico_stdio_usb/stdio_usb_descriptors.c.obj
 .bss._app_driver_count
                0x0000000020002511        0x1 CMakeFiles/Base_Scope.dir/home/schuyler/pico/pico-sdk/lib/tinyusb/src/device/usbd.c.obj
 .bss._sof_enable
                0x0000000020002512        0x1 CMakeFiles/Base_Scope.dir/home/schuyler/pico/pico-sdk/lib/tinyusb/src/portable/raspberrypi/rp2040/dcd_rp2040.c.obj
 .bss.boot2_copyout_valid
                0x0000000020002513        0x1 CMakeFiles/Base_Scope.dir/home/schuyler/pico/pico-sdk/src/rp2_common/hardware_flash/flash.c.obj
 .bss.claimed   0x0000000020002514        0x1 CMakeFiles/Base_Scope.dir/home/schuyler/pico/pico-sdk/src/rp2_common/hardware_timer/timer.c.obj
 .bss.irq_hander_chain_free_slot_head
                0x0000000020002515        0x1 CMakeFiles/Base_Scope.dir/home/schuyler/pico/pico-sdk/src/rp2_common/hardware_irq/irq.c.obj
 .bss.itf_num   0x0000000020002516        0x1 CMakeFiles/Base_Scope.dir/home/schuyler/pico/pico-sdk/src/rp2_common/pico_stdio_usb/reset_interface.c.obj
 .bss.low_priority_irq_num
                0x0000000020002517        0x1 CMakeFiles/Base_Scope.dir/home/schuyler/pico/pico-sdk/src/rp2_common/pico_stdio_usb/stdio_usb.c.obj
 .bss.one_shot_timer_pending
                0x0000000020002518        0x1 CMakeFiles/Base_Scope.dir/home/schuyler/pico/pico-sdk/src/rp2_common/pico_stdio_usb/stdio_usb.c.obj
 .bss.timer_callbacks_pending
                0x0000000020002519        0x1 CMakeFiles/Base_Scope.dir/home/schuyler/pico/pico-sdk/src/rp2_common/hardware_timer/timer.c.obj
 .bss.user_irq_claimed
                0x000000002000251a        0x1 CMakeFiles/Base_Scope.dir/home/schuyler/pico/pico-sdk/src/rp2_common/hardware_irq/irq.c.obj
 *(COMMON)
                0x000000002000251c                . = ALIGN (0x4)
 *fill*         0x000000002000251b        0x1 
                0x000000002000251c                __bss_end__ = .

.heap           0x000000002000251c      0x800
                0x000000002000251c                __end__ = .
                0x000000002000251c                end = __end__
 *(.heap*)
 .heap          0x000000002000251c      0x800 CMakeFiles/Base_Scope.dir/home/schuyler/pico/pico-sdk/src/rp2_common/pico_standard_link/crt0.S.obj
                0x0000000020002d1c                __HeapLimit = .

.stack1_dummy   0x0000000020040000        0x0
 *(.stack1*)

.stack_dummy    0x0000000020041000      0x800
 *(.stack*)
 .stack         0x0000000020041000      0x800 CMakeFiles/Base_Scope.dir/home/schuyler/pico/pico-sdk/src/rp2_common/pico_standard_link/crt0.S.obj

.flash_end      0x0000000010006b3c        0x0
                0x0000000010006b3c                PROVIDE (__flash_binary_end = .)
                0x0000000020040000                __StackLimit = (ORIGIN (RAM) + LENGTH (RAM))
                0x0000000020041000                __StackOneTop = (ORIGIN (SCRATCH_X) + LENGTH (SCRATCH_X))
                0x0000000020042000                __StackTop = (ORIGIN (SCRATCH_Y) + LENGTH (SCRATCH_Y))
                0x0000000020041000                __StackOneBottom = (__StackOneTop - SIZEOF (.stack1_dummy))
                0x0000000020041800                __StackBottom = (__StackTop - SIZEOF (.stack_dummy))
                0x0000000020042000                PROVIDE (__stack = __StackTop)
                0x0000000000000001                ASSERT ((__StackLimit >= __HeapLimit), region RAM overflowed)
                0x0000000000000001                ASSERT (((__binary_info_header_end - __logical_binary_start) <= 0x100), Binary info must be in first 256 bytes of the binary)
LOAD CMakeFiles/Base_Scope.dir/main.c.obj
LOAD CMakeFiles/Base_Scope.dir/home/schuyler/pico/pico-sdk/src/rp2_common/pico_stdlib/stdlib.c.obj
LOAD CMakeFiles/Base_Scope.dir/home/schuyler/pico/pico-sdk/src/rp2_common/hardware_gpio/gpio.c.obj
LOAD CMakeFiles/Base_Scope.dir/home/schuyler/pico/pico-sdk/src/rp2_common/pico_platform/platform.c.obj
LOAD CMakeFiles/Base_Scope.dir/home/schuyler/pico/pico-sdk/src/rp2_common/hardware_claim/claim.c.obj
LOAD CMakeFiles/Base_Scope.dir/home/schuyler/pico/pico-sdk/src/rp2_common/hardware_sync/sync.c.obj
LOAD CMakeFiles/Base_Scope.dir/home/schuyler/pico/pico-sdk/src/rp2_common/hardware_irq/irq.c.obj
LOAD CMakeFiles/Base_Scope.dir/home/schuyler/pico/pico-sdk/src/rp2_common/hardware_irq/irq_handler_chain.S.obj
LOAD CMakeFiles/Base_Scope.dir/home/schuyler/pico/pico-sdk/src/common/pico_sync/sem.c.obj
LOAD CMakeFiles/Base_Scope.dir/home/schuyler/pico/pico-sdk/src/common/pico_sync/lock_core.c.obj
LOAD CMakeFiles/Base_Scope.dir/home/schuyler/pico/pico-sdk/src/common/pico_sync/mutex.c.obj
LOAD CMakeFiles/Base_Scope.dir/home/schuyler/pico/pico-sdk/src/common/pico_sync/critical_section.c.obj
LOAD CMakeFiles/Base_Scope.dir/home/schuyler/pico/pico-sdk/src/common/pico_time/time.c.obj
LOAD CMakeFiles/Base_Scope.dir/home/schuyler/pico/pico-sdk/src/common/pico_time/timeout_helper.c.obj
LOAD CMakeFiles/Base_Scope.dir/home/schuyler/pico/pico-sdk/src/rp2_common/hardware_timer/timer.c.obj
LOAD CMakeFiles/Base_Scope.dir/home/schuyler/pico/pico-sdk/src/common/pico_util/datetime.c.obj
LOAD CMakeFiles/Base_Scope.dir/home/schuyler/pico/pico-sdk/src/common/pico_util/pheap.c.obj
LOAD CMakeFiles/Base_Scope.dir/home/schuyler/pico/pico-sdk/src/common/pico_util/queue.c.obj
LOAD CMakeFiles/Base_Scope.dir/home/schuyler/pico/pico-sdk/src/rp2_common/hardware_uart/uart.c.obj
LOAD CMakeFiles/Base_Scope.dir/home/schuyler/pico/pico-sdk/src/rp2_common/hardware_clocks/clocks.c.obj
LOAD CMakeFiles/Base_Scope.dir/home/schuyler/pico/pico-sdk/src/rp2_common/hardware_pll/pll.c.obj
LOAD CMakeFiles/Base_Scope.dir/home/schuyler/pico/pico-sdk/src/rp2_common/hardware_vreg/vreg.c.obj
LOAD CMakeFiles/Base_Scope.dir/home/schuyler/pico/pico-sdk/src/rp2_common/hardware_watchdog/watchdog.c.obj
LOAD CMakeFiles/Base_Scope.dir/home/schuyler/pico/pico-sdk/src/rp2_common/hardware_xosc/xosc.c.obj
LOAD CMakeFiles/Base_Scope.dir/home/schuyler/pico/pico-sdk/src/rp2_common/hardware_divider/divider.S.obj
LOAD CMakeFiles/Base_Scope.dir/home/schuyler/pico/pico-sdk/src/rp2_common/pico_runtime/runtime.c.obj
LOAD CMakeFiles/Base_Scope.dir/home/schuyler/pico/pico-sdk/src/rp2_common/pico_printf/printf.c.obj
LOAD CMakeFiles/Base_Scope.dir/home/schuyler/pico/pico-sdk/src/rp2_common/pico_bit_ops/bit_ops_aeabi.S.obj
LOAD CMakeFiles/Base_Scope.dir/home/schuyler/pico/pico-sdk/src/rp2_common/pico_bootrom/bootrom.c.obj
LOAD CMakeFiles/Base_Scope.dir/home/schuyler/pico/pico-sdk/src/rp2_common/pico_divider/divider.S.obj
LOAD CMakeFiles/Base_Scope.dir/home/schuyler/pico/pico-sdk/src/rp2_common/pico_double/double_aeabi.S.obj
LOAD CMakeFiles/Base_Scope.dir/home/schuyler/pico/pico-sdk/src/rp2_common/pico_double/double_init_rom.c.obj
LOAD CMakeFiles/Base_Scope.dir/home/schuyler/pico/pico-sdk/src/rp2_common/pico_double/double_math.c.obj
LOAD CMakeFiles/Base_Scope.dir/home/schuyler/pico/pico-sdk/src/rp2_common/pico_double/double_v1_rom_shim.S.obj
LOAD CMakeFiles/Base_Scope.dir/home/schuyler/pico/pico-sdk/src/rp2_common/pico_int64_ops/pico_int64_ops_aeabi.S.obj
LOAD CMakeFiles/Base_Scope.dir/home/schuyler/pico/pico-sdk/src/rp2_common/pico_float/float_aeabi.S.obj
LOAD CMakeFiles/Base_Scope.dir/home/schuyler/pico/pico-sdk/src/rp2_common/pico_float/float_init_rom.c.obj
LOAD CMakeFiles/Base_Scope.dir/home/schuyler/pico/pico-sdk/src/rp2_common/pico_float/float_math.c.obj
LOAD CMakeFiles/Base_Scope.dir/home/schuyler/pico/pico-sdk/src/rp2_common/pico_float/float_v1_rom_shim.S.obj
LOAD CMakeFiles/Base_Scope.dir/home/schuyler/pico/pico-sdk/src/rp2_common/pico_malloc/pico_malloc.c.obj
LOAD CMakeFiles/Base_Scope.dir/home/schuyler/pico/pico-sdk/src/rp2_common/pico_mem_ops/mem_ops_aeabi.S.obj
LOAD CMakeFiles/Base_Scope.dir/home/schuyler/pico/pico-sdk/src/rp2_common/pico_standard_link/crt0.S.obj
LOAD CMakeFiles/Base_Scope.dir/home/schuyler/pico/pico-sdk/src/rp2_common/pico_standard_link/new_delete.cpp.obj
LOAD CMakeFiles/Base_Scope.dir/home/schuyler/pico/pico-sdk/src/rp2_common/pico_standard_link/binary_info.c.obj
LOAD CMakeFiles/Base_Scope.dir/home/schuyler/pico/pico-sdk/src/rp2_common/pico_stdio/stdio.c.obj
LOAD CMakeFiles/Base_Scope.dir/home/schuyler/pico/pico-sdk/src/rp2_common/pico_stdio_usb/reset_interface.c.obj
LOAD CMakeFiles/Base_Scope.dir/home/schuyler/pico/pico-sdk/src/rp2_common/pico_stdio_usb/stdio_usb.c.obj
LOAD CMakeFiles/Base_Scope.dir/home/schuyler/pico/pico-sdk/src/rp2_common/pico_stdio_usb/stdio_usb_descriptors.c.obj
LOAD CMakeFiles/Base_Scope.dir/home/schuyler/pico/pico-sdk/src/rp2_common/pico_unique_id/unique_id.c.obj
LOAD CMakeFiles/Base_Scope.dir/home/schuyler/pico/pico-sdk/src/rp2_common/hardware_flash/flash.c.obj
LOAD CMakeFiles/Base_Scope.dir/home/schuyler/pico/pico-sdk/lib/tinyusb/src/portable/raspberrypi/rp2040/dcd_rp2040.c.obj
LOAD CMakeFiles/Base_Scope.dir/home/schuyler/pico/pico-sdk/lib/tinyusb/src/portable/raspberrypi/rp2040/rp2040_usb.c.obj
LOAD CMakeFiles/Base_Scope.dir/home/schuyler/pico/pico-sdk/lib/tinyusb/src/device/usbd.c.obj
LOAD CMakeFiles/Base_Scope.dir/home/schuyler/pico/pico-sdk/lib/tinyusb/src/device/usbd_control.c.obj
LOAD CMakeFiles/Base_Scope.dir/home/schuyler/pico/pico-sdk/lib/tinyusb/src/class/audio/audio_device.c.obj
LOAD CMakeFiles/Base_Scope.dir/home/schuyler/pico/pico-sdk/lib/tinyusb/src/class/cdc/cdc_device.c.obj
LOAD CMakeFiles/Base_Scope.dir/home/schuyler/pico/pico-sdk/lib/tinyusb/src/class/dfu/dfu_device.c.obj
LOAD CMakeFiles/Base_Scope.dir/home/schuyler/pico/pico-sdk/lib/tinyusb/src/class/dfu/dfu_rt_device.c.obj
LOAD CMakeFiles/Base_Scope.dir/home/schuyler/pico/pico-sdk/lib/tinyusb/src/class/hid/hid_device.c.obj
LOAD CMakeFiles/Base_Scope.dir/home/schuyler/pico/pico-sdk/lib/tinyusb/src/class/midi/midi_device.c.obj
LOAD CMakeFiles/Base_Scope.dir/home/schuyler/pico/pico-sdk/lib/tinyusb/src/class/msc/msc_device.c.obj
LOAD CMakeFiles/Base_Scope.dir/home/schuyler/pico/pico-sdk/lib/tinyusb/src/class/net/ecm_rndis_device.c.obj
LOAD CMakeFiles/Base_Scope.dir/home/schuyler/pico/pico-sdk/lib/tinyusb/src/class/net/ncm_device.c.obj
LOAD CMakeFiles/Base_Scope.dir/home/schuyler/pico/pico-sdk/lib/tinyusb/src/class/usbtmc/usbtmc_device.c.obj
LOAD CMakeFiles/Base_Scope.dir/home/schuyler/pico/pico-sdk/lib/tinyusb/src/class/vendor/vendor_device.c.obj
LOAD CMakeFiles/Base_Scope.dir/home/schuyler/pico/pico-sdk/lib/tinyusb/src/class/video/video_device.c.obj
LOAD CMakeFiles/Base_Scope.dir/home/schuyler/pico/pico-sdk/lib/tinyusb/src/tusb.c.obj
LOAD CMakeFiles/Base_Scope.dir/home/schuyler/pico/pico-sdk/lib/tinyusb/src/common/tusb_fifo.c.obj
LOAD CMakeFiles/Base_Scope.dir/home/schuyler/pico/pico-sdk/src/rp2_common/pico_fix/rp2040_usb_device_enumeration/rp2040_usb_device_enumeration.c.obj
LOAD CMakeFiles/Base_Scope.dir/home/schuyler/pico/pico-sdk/src/rp2_common/hardware_pio/pio.c.obj
LOAD CMakeFiles/Base_Scope.dir/home/schuyler/pico/pico-sdk/src/rp2_common/hardware_dma/dma.c.obj
LOAD /tmp/cctfc38V.o
LOAD /usr/lib/gcc/arm-none-eabi/10.3.1/../../../arm-none-eabi/lib/thumb/v6-m/nofp/libstdc++.a
LOAD /usr/lib/gcc/arm-none-eabi/10.3.1/../../../arm-none-eabi/lib/thumb/v6-m/nofp/libm.a
START GROUP
LOAD /usr/lib/gcc/arm-none-eabi/10.3.1/thumb/v6-m/nofp/libgcc.a
LOAD /usr/lib/gcc/arm-none-eabi/10.3.1/../../../arm-none-eabi/lib/thumb/v6-m/nofp/libc.a
END GROUP
START GROUP
LOAD /usr/lib/gcc/arm-none-eabi/10.3.1/thumb/v6-m/nofp/libgcc.a
LOAD /usr/lib/gcc/arm-none-eabi/10.3.1/../../../arm-none-eabi/lib/thumb/v6-m/nofp/libc.a
LOAD /usr/lib/gcc/arm-none-eabi/10.3.1/../../../arm-none-eabi/lib/thumb/v6-m/nofp/libnosys.a
END GROUP
LOAD /usr/lib/gcc/arm-none-eabi/10.3.1/thumb/v6-m/nofp/crtend.o
LOAD /usr/lib/gcc/arm-none-eabi/10.3.1/thumb/v6-m/nofp/crtn.o
OUTPUT(Base_Scope.elf elf32-littlearm)
LOAD linker stubs

.ARM.attributes
                0x0000000000000000       0x28
 .ARM.attributes
                0x0000000000000000       0x1e /usr/lib/gcc/arm-none-eabi/10.3.1/thumb/v6-m/nofp/crti.o
 .ARM.attributes
                0x000000000000001e       0x2c /usr/lib/gcc/arm-none-eabi/10.3.1/thumb/v6-m/nofp/crtbegin.o
 .ARM.attributes
                0x000000000000004a       0x2c CMakeFiles/Base_Scope.dir/main.c.obj
 .ARM.attributes
                0x0000000000000076       0x2c CMakeFiles/Base_Scope.dir/home/schuyler/pico/pico-sdk/src/rp2_common/hardware_gpio/gpio.c.obj
 .ARM.attributes
                0x00000000000000a2       0x2c CMakeFiles/Base_Scope.dir/home/schuyler/pico/pico-sdk/src/rp2_common/pico_platform/platform.c.obj
 .ARM.attributes
                0x00000000000000ce       0x2c CMakeFiles/Base_Scope.dir/home/schuyler/pico/pico-sdk/src/rp2_common/hardware_claim/claim.c.obj
 .ARM.attributes
                0x00000000000000fa       0x2c CMakeFiles/Base_Scope.dir/home/schuyler/pico/pico-sdk/src/rp2_common/hardware_sync/sync.c.obj
 .ARM.attributes
                0x0000000000000126       0x2c CMakeFiles/Base_Scope.dir/home/schuyler/pico/pico-sdk/src/rp2_common/hardware_irq/irq.c.obj
 .ARM.attributes
                0x0000000000000152       0x22 CMakeFiles/Base_Scope.dir/home/schuyler/pico/pico-sdk/src/rp2_common/hardware_irq/irq_handler_chain.S.obj
 .ARM.attributes
                0x0000000000000174       0x2c CMakeFiles/Base_Scope.dir/home/schuyler/pico/pico-sdk/src/common/pico_sync/lock_core.c.obj
 .ARM.attributes
                0x00000000000001a0       0x2c CMakeFiles/Base_Scope.dir/home/schuyler/pico/pico-sdk/src/common/pico_sync/mutex.c.obj
 .ARM.attributes
                0x00000000000001cc       0x2c CMakeFiles/Base_Scope.dir/home/schuyler/pico/pico-sdk/src/common/pico_sync/critical_section.c.obj
 .ARM.attributes
                0x00000000000001f8       0x2c CMakeFiles/Base_Scope.dir/home/schuyler/pico/pico-sdk/src/common/pico_time/time.c.obj
 .ARM.attributes
                0x0000000000000224       0x2c CMakeFiles/Base_Scope.dir/home/schuyler/pico/pico-sdk/src/rp2_common/hardware_timer/timer.c.obj
 .ARM.attributes
                0x0000000000000250       0x2c CMakeFiles/Base_Scope.dir/home/schuyler/pico/pico-sdk/src/common/pico_util/pheap.c.obj
 .ARM.attributes
                0x000000000000027c       0x2c CMakeFiles/Base_Scope.dir/home/schuyler/pico/pico-sdk/src/rp2_common/hardware_clocks/clocks.c.obj
 .ARM.attributes
                0x00000000000002a8       0x2c CMakeFiles/Base_Scope.dir/home/schuyler/pico/pico-sdk/src/rp2_common/hardware_pll/pll.c.obj
 .ARM.attributes
                0x00000000000002d4       0x2c CMakeFiles/Base_Scope.dir/home/schuyler/pico/pico-sdk/src/rp2_common/hardware_watchdog/watchdog.c.obj
 .ARM.attributes
                0x0000000000000300       0x2c CMakeFiles/Base_Scope.dir/home/schuyler/pico/pico-sdk/src/rp2_common/hardware_xosc/xosc.c.obj
 .ARM.attributes
                0x000000000000032c       0x2c CMakeFiles/Base_Scope.dir/home/schuyler/pico/pico-sdk/src/rp2_common/pico_runtime/runtime.c.obj
 .ARM.attributes
                0x0000000000000358       0x2c CMakeFiles/Base_Scope.dir/home/schuyler/pico/pico-sdk/src/rp2_common/pico_printf/printf.c.obj
 .ARM.attributes
                0x0000000000000384       0x22 CMakeFiles/Base_Scope.dir/home/schuyler/pico/pico-sdk/src/rp2_common/pico_bit_ops/bit_ops_aeabi.S.obj
 .ARM.attributes
                0x00000000000003a6       0x2c CMakeFiles/Base_Scope.dir/home/schuyler/pico/pico-sdk/src/rp2_common/pico_bootrom/bootrom.c.obj
 .ARM.attributes
                0x00000000000003d2       0x22 CMakeFiles/Base_Scope.dir/home/schuyler/pico/pico-sdk/src/rp2_common/pico_divider/divider.S.obj
 .ARM.attributes
                0x00000000000003f4       0x22 CMakeFiles/Base_Scope.dir/home/schuyler/pico/pico-sdk/src/rp2_common/pico_double/double_aeabi.S.obj
 .ARM.attributes
                0x0000000000000416       0x2c CMakeFiles/Base_Scope.dir/home/schuyler/pico/pico-sdk/src/rp2_common/pico_double/double_init_rom.c.obj
 .ARM.attributes
                0x0000000000000442       0x22 CMakeFiles/Base_Scope.dir/home/schuyler/pico/pico-sdk/src/rp2_common/pico_double/double_v1_rom_shim.S.obj
 .ARM.attributes
                0x0000000000000464       0x22 CMakeFiles/Base_Scope.dir/home/schuyler/pico/pico-sdk/src/rp2_common/pico_int64_ops/pico_int64_ops_aeabi.S.obj
 .ARM.attributes
                0x0000000000000486       0x22 CMakeFiles/Base_Scope.dir/home/schuyler/pico/pico-sdk/src/rp2_common/pico_float/float_aeabi.S.obj
 .ARM.attributes
                0x00000000000004a8       0x2c CMakeFiles/Base_Scope.dir/home/schuyler/pico/pico-sdk/src/rp2_common/pico_float/float_init_rom.c.obj
 .ARM.attributes
                0x00000000000004d4       0x22 CMakeFiles/Base_Scope.dir/home/schuyler/pico/pico-sdk/src/rp2_common/pico_float/float_v1_rom_shim.S.obj
 .ARM.attributes
                0x00000000000004f6       0x2c CMakeFiles/Base_Scope.dir/home/schuyler/pico/pico-sdk/src/rp2_common/pico_malloc/pico_malloc.c.obj
 .ARM.attributes
                0x0000000000000522       0x22 CMakeFiles/Base_Scope.dir/home/schuyler/pico/pico-sdk/src/rp2_common/pico_mem_ops/mem_ops_aeabi.S.obj
 .ARM.attributes
                0x0000000000000544       0x22 CMakeFiles/Base_Scope.dir/home/schuyler/pico/pico-sdk/src/rp2_common/pico_standard_link/crt0.S.obj
 .ARM.attributes
                0x0000000000000566       0x32 CMakeFiles/Base_Scope.dir/home/schuyler/pico/pico-sdk/src/rp2_common/pico_standard_link/binary_info.c.obj
 .ARM.attributes
                0x0000000000000598       0x2c CMakeFiles/Base_Scope.dir/home/schuyler/pico/pico-sdk/src/rp2_common/pico_stdio/stdio.c.obj
 .ARM.attributes
                0x00000000000005c4       0x2c CMakeFiles/Base_Scope.dir/home/schuyler/pico/pico-sdk/src/rp2_common/pico_stdio_usb/reset_interface.c.obj
 .ARM.attributes
                0x00000000000005f0       0x2c CMakeFiles/Base_Scope.dir/home/schuyler/pico/pico-sdk/src/rp2_common/pico_stdio_usb/stdio_usb.c.obj
 .ARM.attributes
                0x000000000000061c       0x2c CMakeFiles/Base_Scope.dir/home/schuyler/pico/pico-sdk/src/rp2_common/pico_stdio_usb/stdio_usb_descriptors.c.obj
 .ARM.attributes
                0x0000000000000648       0x2c CMakeFiles/Base_Scope.dir/home/schuyler/pico/pico-sdk/src/rp2_common/pico_unique_id/unique_id.c.obj
 .ARM.attributes
                0x0000000000000674       0x2c CMakeFiles/Base_Scope.dir/home/schuyler/pico/pico-sdk/src/rp2_common/hardware_flash/flash.c.obj
 .ARM.attributes
                0x00000000000006a0       0x2c CMakeFiles/Base_Scope.dir/home/schuyler/pico/pico-sdk/lib/tinyusb/src/portable/raspberrypi/rp2040/dcd_rp2040.c.obj
 .ARM.attributes
                0x00000000000006cc       0x2c CMakeFiles/Base_Scope.dir/home/schuyler/pico/pico-sdk/lib/tinyusb/src/portable/raspberrypi/rp2040/rp2040_usb.c.obj
 .ARM.attributes
                0x00000000000006f8       0x2c CMakeFiles/Base_Scope.dir/home/schuyler/pico/pico-sdk/lib/tinyusb/src/device/usbd.c.obj
 .ARM.attributes
                0x0000000000000724       0x2c CMakeFiles/Base_Scope.dir/home/schuyler/pico/pico-sdk/lib/tinyusb/src/device/usbd_control.c.obj
 .ARM.attributes
                0x0000000000000750       0x2c CMakeFiles/Base_Scope.dir/home/schuyler/pico/pico-sdk/lib/tinyusb/src/class/cdc/cdc_device.c.obj
 .ARM.attributes
                0x000000000000077c       0x2c CMakeFiles/Base_Scope.dir/home/schuyler/pico/pico-sdk/lib/tinyusb/src/tusb.c.obj
 .ARM.attributes
                0x00000000000007a8       0x2c CMakeFiles/Base_Scope.dir/home/schuyler/pico/pico-sdk/lib/tinyusb/src/common/tusb_fifo.c.obj
 .ARM.attributes
                0x00000000000007d4       0x2c CMakeFiles/Base_Scope.dir/home/schuyler/pico/pico-sdk/src/rp2_common/hardware_pio/pio.c.obj
 .ARM.attributes
                0x0000000000000800       0x22 /tmp/cctfc38V.o
 .ARM.attributes
                0x0000000000000822       0x1e /usr/lib/gcc/arm-none-eabi/10.3.1/thumb/v6-m/nofp/libgcc.a(_dvmd_tls.o)
 .ARM.attributes
                0x0000000000000840       0x2c /usr/lib/gcc/arm-none-eabi/10.3.1/../../../arm-none-eabi/lib/thumb/v6-m/nofp/libc.a(lib_a-impure.o)
 .ARM.attributes
                0x000000000000086c       0x2c /usr/lib/gcc/arm-none-eabi/10.3.1/../../../arm-none-eabi/lib/thumb/v6-m/nofp/libc.a(lib_a-malloc.o)
 .ARM.attributes
                0x0000000000000898       0x2c /usr/lib/gcc/arm-none-eabi/10.3.1/../../../arm-none-eabi/lib/thumb/v6-m/nofp/libc.a(lib_a-mallocr.o)
 .ARM.attributes
                0x00000000000008c4       0x2c /usr/lib/gcc/arm-none-eabi/10.3.1/../../../arm-none-eabi/lib/thumb/v6-m/nofp/libc.a(lib_a-mlock.o)
 .ARM.attributes
                0x00000000000008f0       0x2c /usr/lib/gcc/arm-none-eabi/10.3.1/../../../arm-none-eabi/lib/thumb/v6-m/nofp/libc.a(lib_a-sbrkr.o)
 .ARM.attributes
                0x000000000000091c       0x2c /usr/lib/gcc/arm-none-eabi/10.3.1/../../../arm-none-eabi/lib/thumb/v6-m/nofp/libc.a(lib_a-strlen-stub.o)
 .ARM.attributes
                0x0000000000000948       0x2c /usr/lib/gcc/arm-none-eabi/10.3.1/../../../arm-none-eabi/lib/thumb/v6-m/nofp/libc.a(lib_a-freer.o)
 .ARM.attributes
                0x0000000000000974       0x2c /usr/lib/gcc/arm-none-eabi/10.3.1/../../../arm-none-eabi/lib/thumb/v6-m/nofp/libc.a(lib_a-reent.o)
 .ARM.attributes
                0x00000000000009a0       0x2c /usr/lib/gcc/arm-none-eabi/10.3.1/thumb/v6-m/nofp/crtend.o

.comment        0x0000000000000000       0x33
 .comment       0x0000000000000000       0x33 /usr/lib/gcc/arm-none-eabi/10.3.1/thumb/v6-m/nofp/crtbegin.o
                                         0x34 (size before relaxing)
 .comment       0x0000000000000033       0x34 CMakeFiles/Base_Scope.dir/main.c.obj
 .comment       0x0000000000000033       0x34 CMakeFiles/Base_Scope.dir/home/schuyler/pico/pico-sdk/src/rp2_common/hardware_gpio/gpio.c.obj
 .comment       0x0000000000000033       0x34 CMakeFiles/Base_Scope.dir/home/schuyler/pico/pico-sdk/src/rp2_common/pico_platform/platform.c.obj
 .comment       0x0000000000000033       0x34 CMakeFiles/Base_Scope.dir/home/schuyler/pico/pico-sdk/src/rp2_common/hardware_claim/claim.c.obj
 .comment       0x0000000000000033       0x34 CMakeFiles/Base_Scope.dir/home/schuyler/pico/pico-sdk/src/rp2_common/hardware_sync/sync.c.obj
 .comment       0x0000000000000033       0x34 CMakeFiles/Base_Scope.dir/home/schuyler/pico/pico-sdk/src/rp2_common/hardware_irq/irq.c.obj
 .comment       0x0000000000000033       0x34 CMakeFiles/Base_Scope.dir/home/schuyler/pico/pico-sdk/src/common/pico_sync/lock_core.c.obj
 .comment       0x0000000000000033       0x34 CMakeFiles/Base_Scope.dir/home/schuyler/pico/pico-sdk/src/common/pico_sync/mutex.c.obj
 .comment       0x0000000000000033       0x34 CMakeFiles/Base_Scope.dir/home/schuyler/pico/pico-sdk/src/common/pico_sync/critical_section.c.obj
 .comment       0x0000000000000033       0x34 CMakeFiles/Base_Scope.dir/home/schuyler/pico/pico-sdk/src/common/pico_time/time.c.obj
 .comment       0x0000000000000033       0x34 CMakeFiles/Base_Scope.dir/home/schuyler/pico/pico-sdk/src/rp2_common/hardware_timer/timer.c.obj
 .comment       0x0000000000000033       0x34 CMakeFiles/Base_Scope.dir/home/schuyler/pico/pico-sdk/src/common/pico_util/pheap.c.obj
 .comment       0x0000000000000033       0x34 CMakeFiles/Base_Scope.dir/home/schuyler/pico/pico-sdk/src/rp2_common/hardware_clocks/clocks.c.obj